0 verbose cli /usr/bin/node /usr/bin/npm
1 info using npm@10.9.8
2 info using node@v22.23.2
3 silly config load:file:/usr/lib/node_modules/npm/npmrc
4 silly config load:file:/home/xiaohua/KPL_BP_Simulator/frontend/.npmrc
5 silly config load:file:/home/xiaohua/.npmrc
6 silly config load:file:/home/xiaohua/.npm-global/etc/npmrc
7 verbose title npm install tailwindcss@^3.4.17 postcss@^8.4.49 autoprefixer@^10.4.20
8 verbose argv "install" "--save-dev" "tailwindcss@^3.4.17" "postcss@^8.4.49" "autoprefixer@^10.4.20" "--registry" "https://registry.npmmirror.com"
9 verbose logfile logs-max:10 dir:/home/xiaohua/KPL_BP_Simulator/.npm-cache/_logs/2026-09-15T17_35_13_921Z-
10 verbose logfile /home/xiaohua/KPL_BP_Simulator/.npm-cache/_logs/2026-09-15T17_35_13_921Z-debug-0.log
11 silly logfile done cleaning log files
12 silly packumentCache heap:2197815296 maxSize:549453824 maxEntrySize:274726912
13 silly idealTree buildDeps
14 silly fetch manifest tailwindcss@^3.4.17
15 silly packumentCache full:https://registry.npmmirror.com/tailwindcss cache-miss
16 verbose shrinkwrap failed to load node_modules/.package-lock.json out of date, updated: node_modules
17 http fetch GET 200 https://registry.npmmirror.com/npm 124ms
18 http fetch GET 200 https://registry.npmmirror.com/tailwindcss 229ms (cache miss)
19 silly packumentCache full:https://registry.npmmirror.com/tailwindcss set size:1693304 disposed:false
20 silly fetch manifest postcss@^8.4.49
21 silly packumentCache full:https://registry.npmmirror.com/postcss cache-miss
22 http fetch GET 200 https://registry.npmmirror.com/postcss 23ms (cache miss)
23 silly packumentCache full:https://registry.npmmirror.com/postcss set size:103878 disposed:false
24 silly fetch manifest autoprefixer@^10.4.20
25 silly packumentCache full:https://registry.npmmirror.com/autoprefixer cache-miss
26 http fetch GET 200 https://registry.npmmirror.com/autoprefixer 38ms (cache miss)
27 silly packumentCache full:https://registry.npmmirror.com/autoprefixer set size:145383 disposed:false
28 silly placeDep ROOT autoprefixer@10.6.1 OK for: kpl-bp-simulator-frontend@1.0.0 want: ^10.4.20
29 silly placeDep ROOT postcss@8.5.28 REPLACE for: kpl-bp-simulator-frontend@1.0.0 want: ^8.4.49
30 silly placeDep ROOT tailwindcss@3.4.19 OK for: kpl-bp-simulator-frontend@1.0.0 want: ^3.4.17
31 silly fetch manifest fraction.js@^5.3.4
32 silly packumentCache full:https://registry.npmmirror.com/fraction.js cache-miss
33 silly fetch manifest browserslist@^4.28.9
34 silly packumentCache full:https://registry.npmmirror.com/browserslist cache-miss
35 silly fetch manifest postcss-value-parser@^4.2.0
36 silly packumentCache full:https://registry.npmmirror.com/postcss-value-parser cache-miss
37 silly fetch manifest @alloc/quick-lru@^5.2.0
38 silly packumentCache full:https://registry.npmmirror.com/@alloc%2fquick-lru cache-miss
39 silly fetch manifest arg@^5.0.2
40 silly packumentCache full:https://registry.npmmirror.com/arg cache-miss
41 silly fetch manifest chokidar@^3.6.0
42 silly packumentCache full:https://registry.npmmirror.com/chokidar cache-miss
43 silly fetch manifest didyoumean@^1.2.2
44 silly packumentCache full:https://registry.npmmirror.com/didyoumean cache-miss
45 silly fetch manifest dlv@^1.1.3
46 silly packumentCache full:https://registry.npmmirror.com/dlv cache-miss
47 silly fetch manifest fast-glob@^3.3.2
48 silly packumentCache full:https://registry.npmmirror.com/fast-glob cache-miss
49 silly fetch manifest glob-parent@^6.0.2
50 silly packumentCache full:https://registry.npmmirror.com/glob-parent cache-miss
51 silly fetch manifest is-glob@^4.0.3
52 silly packumentCache full:https://registry.npmmirror.com/is-glob cache-miss
53 silly fetch manifest jiti@^1.21.7
54 silly packumentCache full:https://registry.npmmirror.com/jiti cache-miss
55 silly fetch manifest lilconfig@^3.1.3
56 silly packumentCache full:https://registry.npmmirror.com/lilconfig cache-miss
57 silly fetch manifest micromatch@^4.0.8
58 silly packumentCache full:https://registry.npmmirror.com/micromatch cache-miss
59 silly fetch manifest normalize-path@^3.0.0
60 silly packumentCache full:https://registry.npmmirror.com/normalize-path cache-miss
61 http fetch GET 200 https://registry.npmmirror.com/browserslist 41ms (cache miss)
62 silly packumentCache full:https://registry.npmmirror.com/browserslist set size:78216 disposed:false
63 silly fetch manifest object-hash@^3.0.0
64 silly packumentCache full:https://registry.npmmirror.com/object-hash cache-miss
65 http fetch GET 200 https://registry.npmmirror.com/fraction.js 62ms (cache miss)
66 silly packumentCache full:https://registry.npmmirror.com/fraction.js set size:31162 disposed:false
67 silly fetch manifest postcss-import@^15.1.0
68 silly packumentCache full:https://registry.npmmirror.com/postcss-import cache-miss
69 http fetch GET 200 https://registry.npmmirror.com/glob-parent 65ms (cache miss)
70 silly packumentCache full:https://registry.npmmirror.com/glob-parent set size:7508 disposed:false
71 silly fetch manifest postcss-js@^4.0.1
72 silly packumentCache full:https://registry.npmmirror.com/postcss-js cache-miss
73 http fetch GET 200 https://registry.npmmirror.com/lilconfig 69ms (cache miss)
74 silly packumentCache full:https://registry.npmmirror.com/lilconfig set size:10217 disposed:false
75 silly fetch manifest postcss-load-config@^4.0.2 || ^5.0 || ^6.0
76 silly packumentCache full:https://registry.npmmirror.com/postcss-load-config cache-miss
77 http fetch GET 200 https://registry.npmmirror.com/normalize-path 72ms (cache miss)
78 silly packumentCache full:https://registry.npmmirror.com/normalize-path set size:6181 disposed:false
79 silly fetch manifest postcss-nested@^6.2.0
80 silly packumentCache full:https://registry.npmmirror.com/postcss-nested cache-miss
81 http fetch GET 200 https://registry.npmmirror.com/fast-glob 77ms (cache miss)
82 silly packumentCache full:https://registry.npmmirror.com/fast-glob set size:33565 disposed:false
83 silly fetch manifest postcss-selector-parser@^6.1.2
84 silly packumentCache full:https://registry.npmmirror.com/postcss-selector-parser cache-miss
85 http fetch GET 200 https://registry.npmmirror.com/chokidar 83ms (cache miss)
86 silly packumentCache full:https://registry.npmmirror.com/chokidar set size:40008 disposed:false
87 silly fetch manifest resolve@^1.22.8
88 silly packumentCache full:https://registry.npmmirror.com/resolve cache-miss
89 http fetch GET 200 https://registry.npmmirror.com/jiti 94ms (cache miss)
90 silly packumentCache full:https://registry.npmmirror.com/jiti set size:61717 disposed:false
91 silly fetch manifest sucrase@^3.35.0
92 silly packumentCache full:https://registry.npmmirror.com/sucrase cache-miss
93 http fetch GET 200 https://registry.npmmirror.com/arg 111ms (cache miss)
94 silly packumentCache full:https://registry.npmmirror.com/arg set size:13581 disposed:false
95 http fetch GET 200 https://registry.npmmirror.com/dlv 111ms (cache miss)
96 silly packumentCache full:https://registry.npmmirror.com/dlv set size:3901 disposed:false
97 http fetch GET 200 https://registry.npmmirror.com/postcss-value-parser 116ms (cache miss)
98 silly packumentCache full:https://registry.npmmirror.com/postcss-value-parser set size:14115 disposed:false
99 http fetch GET 200 https://registry.npmmirror.com/@alloc%2fquick-lru 118ms (cache miss)
100 silly packumentCache full:https://registry.npmmirror.com/@alloc%2fquick-lru set size:4312 disposed:false
101 http fetch GET 200 https://registry.npmmirror.com/is-glob 116ms (cache miss)
102 silly packumentCache full:https://registry.npmmirror.com/is-glob set size:7964 disposed:false
103 http fetch GET 200 https://registry.npmmirror.com/didyoumean 119ms (cache miss)
104 silly packumentCache full:https://registry.npmmirror.com/didyoumean set size:3588 disposed:false
105 http fetch GET 200 https://registry.npmmirror.com/postcss-selector-parser 42ms (cache miss)
106 silly packumentCache full:https://registry.npmmirror.com/postcss-selector-parser set size:31939 disposed:false
107 http fetch GET 200 https://registry.npmmirror.com/object-hash 80ms (cache miss)
108 silly packumentCache full:https://registry.npmmirror.com/object-hash set size:16842 disposed:false
109 http fetch GET 200 https://registry.npmmirror.com/micromatch 125ms (cache miss)
110 silly packumentCache full:https://registry.npmmirror.com/micromatch set size:39386 disposed:false
111 http fetch GET 200 https://registry.npmmirror.com/resolve 42ms (cache miss)
112 silly packumentCache full:https://registry.npmmirror.com/resolve set size:40615 disposed:false
113 http fetch GET 200 https://registry.npmmirror.com/postcss-import 73ms (cache miss)
114 silly packumentCache full:https://registry.npmmirror.com/postcss-import set size:25128 disposed:false
115 http fetch GET 200 https://registry.npmmirror.com/postcss-js 69ms (cache miss)
116 silly packumentCache full:https://registry.npmmirror.com/postcss-js set size:10272 disposed:false
117 http fetch GET 200 https://registry.npmmirror.com/postcss-nested 79ms (cache miss)
118 silly packumentCache full:https://registry.npmmirror.com/postcss-nested set size:15319 disposed:false
119 http fetch GET 200 https://registry.npmmirror.com/postcss-load-config 86ms (cache miss)
120 silly packumentCache full:https://registry.npmmirror.com/postcss-load-config set size:19569 disposed:false
121 http fetch GET 200 https://registry.npmmirror.com/sucrase 64ms (cache miss)
122 silly packumentCache full:https://registry.npmmirror.com/sucrase set size:55462 disposed:false
123 silly placeDep ROOT browserslist@4.29.0 REPLACE for: autoprefixer@10.6.1 want: ^4.28.9
124 silly placeDep ROOT fraction.js@5.3.4 OK for: autoprefixer@10.6.1 want: ^5.3.4
125 silly placeDep ROOT postcss-value-parser@4.2.0 OK for: autoprefixer@10.6.1 want: ^4.2.0
126 silly fetch manifest node-releases@^2.0.55
127 silly packumentCache full:https://registry.npmmirror.com/node-releases cache-miss
128 silly fetch manifest electron-to-chromium@^1.5.427
129 silly packumentCache full:https://registry.npmmirror.com/electron-to-chromium cache-miss
130 silly fetch manifest update-browserslist-db@^1.3.3
131 silly packumentCache full:https://registry.npmmirror.com/update-browserslist-db cache-miss
132 silly fetch manifest baseline-browser-mapping@^2.11.23
133 silly packumentCache full:https://registry.npmmirror.com/baseline-browser-mapping cache-miss
134 http fetch GET 200 https://registry.npmmirror.com/update-browserslist-db 21ms (cache miss)
135 silly packumentCache full:https://registry.npmmirror.com/update-browserslist-db set size:19673 disposed:false
136 http fetch GET 200 https://registry.npmmirror.com/node-releases 25ms (cache miss)
137 silly packumentCache full:https://registry.npmmirror.com/node-releases set size:44157 disposed:false
138 http fetch GET 200 https://registry.npmmirror.com/baseline-browser-mapping 32ms (cache miss)
139 silly packumentCache full:https://registry.npmmirror.com/baseline-browser-mapping set size:86069 disposed:false
140 http fetch GET 200 https://registry.npmmirror.com/electron-to-chromium 121ms (cache miss)
141 silly packumentCache full:https://registry.npmmirror.com/electron-to-chromium set size:839551 disposed:false
142 silly fetch manifest browserslist@>= 4.21.0
143 silly packumentCache full:https://registry.npmmirror.com/browserslist cache-hit
144 silly placeDep ROOT baseline-browser-mapping@2.11.23 OK for: browserslist@4.29.0 want: ^2.11.23
145 silly placeDep ROOT electron-to-chromium@1.5.428 OK for: browserslist@4.29.0 want: ^1.5.427
146 silly placeDep ROOT node-releases@2.0.55 OK for: browserslist@4.29.0 want: ^2.0.55
147 silly placeDep ROOT update-browserslist-db@1.3.3 OK for: browserslist@4.29.0 want: ^1.3.3
148 silly fetch manifest escalade@^3.2.0
149 silly packumentCache full:https://registry.npmmirror.com/escalade cache-miss
150 http fetch GET 200 https://registry.npmmirror.com/escalade 19ms (cache miss)
151 silly packumentCache full:https://registry.npmmirror.com/escalade set size:6820 disposed:false
152 silly fetch manifest postcss@^8.4.47
153 silly packumentCache full:https://registry.npmmirror.com/postcss cache-hit
154 silly fetch manifest tsx@^4.8.1
155 silly packumentCache full:https://registry.npmmirror.com/tsx cache-miss
156 http fetch GET 200 https://registry.npmmirror.com/tsx 31ms (cache miss)
157 silly packumentCache full:https://registry.npmmirror.com/tsx set size:76441 disposed:false
158 silly fetch manifest yaml@^2.4.2
159 silly packumentCache full:https://registry.npmmirror.com/yaml cache-miss
160 http fetch GET 200 https://registry.npmmirror.com/yaml 15ms (cache miss)
161 silly packumentCache full:https://registry.npmmirror.com/yaml set size:59181 disposed:false
162 silly placeDep ROOT @alloc/quick-lru@5.3.0 OK for: tailwindcss@3.4.19 want: ^5.2.0
163 silly placeDep ROOT arg@5.0.2 OK for: tailwindcss@3.4.19 want: ^5.0.2
164 silly placeDep ROOT chokidar@3.6.0 OK for: tailwindcss@3.4.19 want: ^3.6.0
165 silly placeDep ROOT didyoumean@1.2.2 OK for: tailwindcss@3.4.19 want: ^1.2.2
166 silly placeDep ROOT dlv@1.1.3 OK for: tailwindcss@3.4.19 want: ^1.1.3
167 silly placeDep ROOT fast-glob@3.3.3 OK for: tailwindcss@3.4.19 want: ^3.3.2
168 silly placeDep ROOT glob-parent@6.0.2 OK for: tailwindcss@3.4.19 want: ^6.0.2
169 silly placeDep ROOT is-glob@4.0.3 OK for: tailwindcss@3.4.19 want: ^4.0.3
170 silly placeDep ROOT jiti@1.21.7 OK for: tailwindcss@3.4.19 want: ^1.21.7
171 silly placeDep ROOT lilconfig@3.1.3 OK for: tailwindcss@3.4.19 want: ^3.1.3
172 silly placeDep ROOT micromatch@4.0.8 OK for: tailwindcss@3.4.19 want: ^4.0.8
173 silly placeDep ROOT normalize-path@3.0.0 OK for: tailwindcss@3.4.19 want: ^3.0.0
174 silly placeDep ROOT object-hash@3.0.0 OK for: tailwindcss@3.4.19 want: ^3.0.0
175 silly placeDep ROOT postcss-import@15.1.0 OK for: tailwindcss@3.4.19 want: ^15.1.0
176 silly placeDep ROOT postcss-js@4.1.0 OK for: tailwindcss@3.4.19 want: ^4.0.1
177 silly placeDep ROOT postcss-load-config@6.0.1 OK for: tailwindcss@3.4.19 want: ^4.0.2 || ^5.0 || ^6.0
178 silly placeDep ROOT postcss-nested@6.2.0 OK for: tailwindcss@3.4.19 want: ^6.2.0
179 silly placeDep ROOT postcss-selector-parser@6.1.4 OK for: tailwindcss@3.4.19 want: ^6.1.2
180 silly placeDep ROOT resolve@1.22.12 OK for: tailwindcss@3.4.19 want: ^1.22.8
181 silly placeDep ROOT sucrase@3.35.1 OK for: tailwindcss@3.4.19 want: ^3.35.0
182 silly fetch manifest anymatch@~3.1.2
183 silly packumentCache full:https://registry.npmmirror.com/anymatch cache-miss
184 silly fetch manifest braces@~3.0.2
185 silly packumentCache full:https://registry.npmmirror.com/braces cache-miss
186 silly fetch manifest glob-parent@~5.1.2
187 silly packumentCache full:https://registry.npmmirror.com/glob-parent cache-hit
188 silly fetch manifest is-binary-path@~2.1.0
189 silly packumentCache full:https://registry.npmmirror.com/is-binary-path cache-miss
190 silly fetch manifest is-glob@~4.0.1
191 silly packumentCache full:https://registry.npmmirror.com/is-glob cache-hit
192 silly fetch manifest normalize-path@~3.0.0
193 silly packumentCache full:https://registry.npmmirror.com/normalize-path cache-hit
194 silly fetch manifest readdirp@~3.6.0
195 silly packumentCache full:https://registry.npmmirror.com/readdirp cache-miss
196 silly fetch manifest @nodelib/fs.stat@^2.0.2
197 silly packumentCache full:https://registry.npmmirror.com/@nodelib%2ffs.stat cache-miss
198 silly fetch manifest @nodelib/fs.walk@^1.2.3
199 silly packumentCache full:https://registry.npmmirror.com/@nodelib%2ffs.walk cache-miss
200 silly fetch manifest glob-parent@^5.1.2
201 silly packumentCache full:https://registry.npmmirror.com/glob-parent cache-hit
202 silly fetch manifest merge2@^1.3.0
203 silly packumentCache full:https://registry.npmmirror.com/merge2 cache-miss
204 silly fetch manifest is-extglob@^2.1.1
205 silly packumentCache full:https://registry.npmmirror.com/is-extglob cache-miss
206 silly fetch manifest braces@^3.0.3
207 silly packumentCache full:https://registry.npmmirror.com/braces cache-miss
208 silly fetch manifest picomatch@^2.3.1
209 silly packumentCache full:https://registry.npmmirror.com/picomatch cache-miss
210 silly fetch manifest read-cache@^1.0.0
211 silly packumentCache full:https://registry.npmmirror.com/read-cache cache-miss
212 silly fetch manifest resolve@^1.1.7
213 silly packumentCache full:https://registry.npmmirror.com/resolve cache-hit
214 silly fetch manifest camelcase-css@^2.0.1
215 silly packumentCache full:https://registry.npmmirror.com/camelcase-css cache-miss
216 silly fetch manifest postcss-selector-parser@^6.1.1
217 silly packumentCache full:https://registry.npmmirror.com/postcss-selector-parser cache-hit
218 silly fetch manifest cssesc@^3.0.0
219 silly packumentCache full:https://registry.npmmirror.com/cssesc cache-miss
220 silly fetch manifest util-deprecate@^1.0.2
221 silly packumentCache full:https://registry.npmmirror.com/util-deprecate cache-miss
222 silly fetch manifest is-core-module@^2.16.1
223 silly packumentCache full:https://registry.npmmirror.com/is-core-module cache-miss
224 http fetch GET 200 https://registry.npmmirror.com/@nodelib%2ffs.stat 33ms (cache miss)
225 silly packumentCache full:https://registry.npmmirror.com/@nodelib%2ffs.stat set size:6493 disposed:false
226 silly fetch manifest path-parse@^1.0.7
227 silly packumentCache full:https://registry.npmmirror.com/path-parse cache-miss
228 http fetch GET 200 https://registry.npmmirror.com/@nodelib%2ffs.walk 36ms (cache miss)
229 silly packumentCache full:https://registry.npmmirror.com/@nodelib%2ffs.walk set size:8290 disposed:false
230 silly fetch manifest supports-preserve-symlinks-flag@^1.0.0
231 silly packumentCache full:https://registry.npmmirror.com/supports-preserve-symlinks-flag cache-miss
232 http fetch GET 200 https://registry.npmmirror.com/anymatch 38ms (cache miss)
233 silly packumentCache full:https://registry.npmmirror.com/anymatch set size:8660 disposed:false
234 silly fetch manifest commander@^4.0.0
235 silly packumentCache full:https://registry.npmmirror.com/commander cache-miss
236 http fetch GET 200 https://registry.npmmirror.com/util-deprecate 30ms (cache miss)
237 silly packumentCache full:https://registry.npmmirror.com/util-deprecate set size:2289 disposed:false
238 silly fetch manifest lines-and-columns@^1.1.6
239 silly packumentCache full:https://registry.npmmirror.com/lines-and-columns cache-miss
240 http fetch GET 200 https://registry.npmmirror.com/cssesc 37ms (cache miss)
241 silly packumentCache full:https://registry.npmmirror.com/cssesc set size:5105 disposed:false
242 silly fetch manifest mz@^2.7.0
243 silly packumentCache full:https://registry.npmmirror.com/mz cache-miss
244 http fetch GET 200 https://registry.npmmirror.com/is-core-module 33ms (cache miss)
245 silly packumentCache full:https://registry.npmmirror.com/is-core-module set size:14454 disposed:false
246 silly fetch manifest pirates@^4.0.1
247 silly packumentCache full:https://registry.npmmirror.com/pirates cache-miss
248 http fetch GET 200 https://registry.npmmirror.com/merge2 43ms (cache miss)
249 silly packumentCache full:https://registry.npmmirror.com/merge2 set size:8713 disposed:false
250 silly fetch manifest tinyglobby@^0.2.11
251 silly packumentCache full:https://registry.npmmirror.com/tinyglobby cache-miss
252 http fetch GET 200 https://registry.npmmirror.com/readdirp 48ms (cache miss)
253 silly packumentCache full:https://registry.npmmirror.com/readdirp set size:19216 disposed:false
254 silly fetch manifest ts-interface-checker@^0.1.9
255 silly packumentCache full:https://registry.npmmirror.com/ts-interface-checker cache-miss
256 http fetch GET 200 https://registry.npmmirror.com/picomatch 48ms (cache miss)
257 silly packumentCache full:https://registry.npmmirror.com/picomatch set size:24788 disposed:false
258 http fetch GET 200 https://registry.npmmirror.com/supports-preserve-symlinks-flag 20ms (cache miss)
259 silly packumentCache full:https://registry.npmmirror.com/supports-preserve-symlinks-flag set size:2816 disposed:false
260 http fetch GET 200 https://registry.npmmirror.com/path-parse 23ms (cache miss)
261 silly packumentCache full:https://registry.npmmirror.com/path-parse set size:2940 disposed:false
262 http fetch GET 200 https://registry.npmmirror.com/commander 24ms (cache miss)
263 silly packumentCache full:https://registry.npmmirror.com/commander set size:62667 disposed:false
264 http fetch GET 200 https://registry.npmmirror.com/lines-and-columns 40ms (cache miss)
265 silly packumentCache full:https://registry.npmmirror.com/lines-and-columns set size:17877 disposed:false
266 http fetch GET 200 https://registry.npmmirror.com/tinyglobby 38ms (cache miss)
267 silly packumentCache full:https://registry.npmmirror.com/tinyglobby set size:11023 disposed:false
268 http fetch GET 200 https://registry.npmmirror.com/read-cache 81ms (cache miss)
269 silly packumentCache full:https://registry.npmmirror.com/read-cache set size:2561 disposed:false
270 http fetch GET 200 https://registry.npmmirror.com/is-extglob 84ms (cache miss)
271 silly packumentCache full:https://registry.npmmirror.com/is-extglob set size:3363 disposed:false
272 http fetch GET 200 https://registry.npmmirror.com/is-binary-path 87ms (cache miss)
273 silly packumentCache full:https://registry.npmmirror.com/is-binary-path set size:3065 disposed:false
274 http fetch GET 200 https://registry.npmmirror.com/braces 88ms (cache miss)
275 silly packumentCache full:https://registry.npmmirror.com/braces set size:22104 disposed:false
276 http fetch GET 200 https://registry.npmmirror.com/braces 88ms (cache miss)
277 silly packumentCache full:https://registry.npmmirror.com/braces set size:22104 disposed:false
278 silly packumentCache full:https://registry.npmmirror.com/braces dispose
279 http fetch GET 200 https://registry.npmmirror.com/camelcase-css 86ms (cache miss)
280 silly packumentCache full:https://registry.npmmirror.com/camelcase-css set size:2461 disposed:false
281 http fetch GET 200 https://registry.npmmirror.com/pirates 48ms (cache miss)
282 silly packumentCache full:https://registry.npmmirror.com/pirates set size:12543 disposed:false
283 http fetch GET 200 https://registry.npmmirror.com/mz 59ms (cache miss)
284 silly packumentCache full:https://registry.npmmirror.com/mz set size:7894 disposed:false
285 http fetch GET 200 https://registry.npmmirror.com/ts-interface-checker 62ms (cache miss)
286 silly packumentCache full:https://registry.npmmirror.com/ts-interface-checker set size:8429 disposed:false
287 silly placeDep ROOT anymatch@3.1.3 OK for: chokidar@3.6.0 want: ~3.1.2
288 silly placeDep ROOT braces@3.0.3 OK for: chokidar@3.6.0 want: ~3.0.2
289 silly placeDep node_modules/chokidar glob-parent@5.1.2 OK for: chokidar@3.6.0 want: ~5.1.2
290 silly placeDep ROOT is-binary-path@2.1.0 OK for: chokidar@3.6.0 want: ~2.1.0
291 silly placeDep ROOT readdirp@3.6.0 OK for: chokidar@3.6.0 want: ~3.6.0
292 silly fetch manifest picomatch@^2.0.4
293 silly packumentCache full:https://registry.npmmirror.com/picomatch cache-hit
294 silly fetch manifest fill-range@^7.1.1
295 silly packumentCache full:https://registry.npmmirror.com/fill-range cache-miss
296 silly fetch manifest binary-extensions@^2.0.0
297 silly packumentCache full:https://registry.npmmirror.com/binary-extensions cache-miss
298 silly fetch manifest picomatch@^2.2.1
299 silly packumentCache full:https://registry.npmmirror.com/picomatch cache-hit
300 http fetch GET 200 https://registry.npmmirror.com/fill-range 63ms (cache miss)
301 silly packumentCache full:https://registry.npmmirror.com/fill-range set size:14245 disposed:false
302 http fetch GET 200 https://registry.npmmirror.com/binary-extensions 75ms (cache miss)
303 silly packumentCache full:https://registry.npmmirror.com/binary-extensions set size:9251 disposed:false
304 silly placeDep ROOT picomatch@2.3.2 OK for: anymatch@3.1.3 want: ^2.0.4
305 silly placeDep ROOT fill-range@7.1.1 OK for: braces@3.0.3 want: ^7.1.1
306 silly fetch manifest to-regex-range@^5.0.1
307 silly packumentCache full:https://registry.npmmirror.com/to-regex-range cache-miss
308 http fetch GET 200 https://registry.npmmirror.com/to-regex-range 65ms (cache miss)
309 silly packumentCache full:https://registry.npmmirror.com/to-regex-range set size:11477 disposed:false
310 silly placeDep ROOT @nodelib/fs.stat@2.0.5 OK for: fast-glob@3.3.3 want: ^2.0.2
311 silly placeDep ROOT @nodelib/fs.walk@1.2.8 OK for: fast-glob@3.3.3 want: ^1.2.3
312 silly placeDep node_modules/fast-glob glob-parent@5.1.2 OK for: fast-glob@3.3.3 want: ^5.1.2
313 silly placeDep ROOT merge2@1.4.1 OK for: fast-glob@3.3.3 want: ^1.3.0
314 silly fetch manifest @nodelib/fs.scandir@2.1.5
315 silly packumentCache full:https://registry.npmmirror.com/@nodelib%2ffs.scandir cache-miss
316 silly fetch manifest fastq@^1.6.0
317 silly packumentCache full:https://registry.npmmirror.com/fastq cache-miss
318 http fetch GET 200 https://registry.npmmirror.com/@nodelib%2ffs.scandir 16ms (cache miss)
319 silly packumentCache full:https://registry.npmmirror.com/@nodelib%2ffs.scandir set size:8538 disposed:false
320 http fetch GET 200 https://registry.npmmirror.com/fastq 66ms (cache miss)
321 silly packumentCache full:https://registry.npmmirror.com/fastq set size:16184 disposed:false
322 silly placeDep ROOT @nodelib/fs.scandir@2.1.5 OK for: @nodelib/fs.walk@1.2.8 want: 2.1.5
323 silly placeDep ROOT fastq@1.20.3 OK for: @nodelib/fs.walk@1.2.8 want: ^1.6.0
324 silly fetch manifest run-parallel@^1.1.9
325 silly packumentCache full:https://registry.npmmirror.com/run-parallel cache-miss
326 silly fetch manifest reusify@^1.0.4
327 silly packumentCache full:https://registry.npmmirror.com/reusify cache-miss
328 http fetch GET 200 https://registry.npmmirror.com/run-parallel 14ms (cache miss)
329 silly packumentCache full:https://registry.npmmirror.com/run-parallel set size:6674 disposed:false
330 http fetch GET 200 https://registry.npmmirror.com/reusify 68ms (cache miss)
331 silly packumentCache full:https://registry.npmmirror.com/reusify set size:4443 disposed:false
332 silly placeDep ROOT run-parallel@1.2.0 OK for: @nodelib/fs.scandir@2.1.5 want: ^1.1.9
333 silly fetch manifest queue-microtask@^1.2.2
334 silly packumentCache full:https://registry.npmmirror.com/queue-microtask cache-miss
335 http fetch GET 200 https://registry.npmmirror.com/queue-microtask 13ms (cache miss)
336 silly packumentCache full:https://registry.npmmirror.com/queue-microtask set size:6139 disposed:false
337 silly placeDep ROOT reusify@1.1.0 OK for: fastq@1.20.3 want: ^1.0.4
338 silly placeDep ROOT to-regex-range@5.0.1 OK for: fill-range@7.1.1 want: ^5.0.1
339 silly fetch manifest is-number@^7.0.0
340 silly packumentCache full:https://registry.npmmirror.com/is-number cache-miss
341 http fetch GET 200 https://registry.npmmirror.com/is-number 58ms (cache miss)
342 silly packumentCache full:https://registry.npmmirror.com/is-number set size:7889 disposed:false
343 silly placeDep ROOT binary-extensions@2.3.0 OK for: is-binary-path@2.1.0 want: ^2.0.0
344 silly placeDep ROOT is-extglob@2.1.1 OK for: is-glob@4.0.3 want: ^2.1.1
345 silly placeDep ROOT read-cache@1.0.2 OK for: postcss-import@15.1.0 want: ^1.0.0
346 silly placeDep ROOT camelcase-css@2.0.1 OK for: postcss-js@4.1.0 want: ^2.0.1
347 silly placeDep ROOT cssesc@3.0.0 OK for: postcss-selector-parser@6.1.4 want: ^3.0.0
348 silly placeDep ROOT util-deprecate@1.0.2 OK for: postcss-selector-parser@6.1.4 want: ^1.0.2
349 silly placeDep ROOT is-core-module@2.16.2 OK for: resolve@1.22.12 want: ^2.16.1
350 silly placeDep ROOT path-parse@1.0.7 OK for: resolve@1.22.12 want: ^1.0.7
351 silly placeDep ROOT supports-preserve-symlinks-flag@1.0.0 OK for: resolve@1.22.12 want: ^1.0.0
352 silly placeDep ROOT queue-microtask@1.2.3 OK for: run-parallel@1.2.0 want: ^1.2.2
353 silly placeDep ROOT commander@4.1.1 OK for: sucrase@3.35.1 want: ^4.0.0
354 silly placeDep ROOT lines-and-columns@1.2.4 OK for: sucrase@3.35.1 want: ^1.1.6
355 silly placeDep ROOT mz@2.7.0 OK for: sucrase@3.35.1 want: ^2.7.0
356 silly placeDep ROOT pirates@4.0.7 OK for: sucrase@3.35.1 want: ^4.0.1
357 silly placeDep ROOT tinyglobby@0.2.17 OK for: sucrase@3.35.1 want: ^0.2.11
358 silly placeDep ROOT ts-interface-checker@0.1.13 OK for: sucrase@3.35.1 want: ^0.1.9
359 silly fetch manifest any-promise@^1.0.0
360 silly packumentCache full:https://registry.npmmirror.com/any-promise cache-miss
361 silly fetch manifest object-assign@^4.0.1
362 silly packumentCache full:https://registry.npmmirror.com/object-assign cache-miss
363 silly fetch manifest thenify-all@^1.0.0
364 silly packumentCache full:https://registry.npmmirror.com/thenify-all cache-miss
365 silly fetch manifest fdir@^6.5.0
366 silly packumentCache full:https://registry.npmmirror.com/fdir cache-miss
367 silly fetch manifest picomatch@^4.0.4
368 silly packumentCache full:https://registry.npmmirror.com/picomatch cache-hit
369 http fetch GET 200 https://registry.npmmirror.com/object-assign 14ms (cache miss)
370 silly packumentCache full:https://registry.npmmirror.com/object-assign set size:5509 disposed:false
371 http fetch GET 200 https://registry.npmmirror.com/any-promise 21ms (cache miss)
372 silly packumentCache full:https://registry.npmmirror.com/any-promise set size:5727 disposed:false
373 http fetch GET 200 https://registry.npmmirror.com/fdir 25ms (cache miss)
374 silly packumentCache full:https://registry.npmmirror.com/fdir set size:21942 disposed:false
375 http fetch GET 200 https://registry.npmmirror.com/thenify-all 57ms (cache miss)
376 silly packumentCache full:https://registry.npmmirror.com/thenify-all set size:3730 disposed:false
377 silly placeDep ROOT any-promise@1.3.0 OK for: mz@2.7.0 want: ^1.0.0
378 silly placeDep ROOT object-assign@4.1.1 OK for: mz@2.7.0 want: ^4.0.1
379 silly placeDep ROOT thenify-all@1.6.0 OK for: mz@2.7.0 want: ^1.0.0
380 silly fetch manifest thenify@>= 3.1.0 < 4
381 silly packumentCache full:https://registry.npmmirror.com/thenify cache-miss
382 http fetch GET 200 https://registry.npmmirror.com/thenify 64ms (cache miss)
383 silly packumentCache full:https://registry.npmmirror.com/thenify set size:4663 disposed:false
384 silly placeDep ROOT thenify@3.3.1 OK for: thenify-all@1.6.0 want: >= 3.1.0 < 4
385 silly placeDep node_modules/tinyglobby fdir@6.5.0 OK for: tinyglobby@0.2.17 want: ^6.5.0
386 silly placeDep node_modules/tinyglobby picomatch@4.0.7 OK for: fdir@6.5.0 want: ^3 || ^4
387 silly placeDep ROOT is-number@7.0.0 OK for: to-regex-range@5.0.1 want: ^7.0.0
388 silly placeDep ROOT escalade@3.2.0 OK for: update-browserslist-db@1.3.3 want: ^3.2.0
389 silly reify mark retired [
389 silly reify   '/home/xiaohua/KPL_BP_Simulator/frontend/node_modules/browserslist',
389 silly reify   '/home/xiaohua/KPL_BP_Simulator/frontend/node_modules/.bin/browserslist'
389 silly reify ]
390 silly reify mark retired [
390 silly reify   '/home/xiaohua/KPL_BP_Simulator/frontend/node_modules/baseline-browser-mapping',
390 silly reify   '/home/xiaohua/KPL_BP_Simulator/frontend/node_modules/.bin/baseline-browser-mapping'
390 silly reify ]
391 silly reify mark retired [
391 silly reify   '/home/xiaohua/KPL_BP_Simulator/frontend/node_modules/electron-to-chromium'
391 silly reify ]
392 silly reify mark retired [ '/home/xiaohua/KPL_BP_Simulator/frontend/node_modules/postcss' ]
393 silly reify mark retired [
393 silly reify   '/home/xiaohua/KPL_BP_Simulator/frontend/node_modules/update-browserslist-db',
393 silly reify   '/home/xiaohua/KPL_BP_Simulator/frontend/node_modules/.bin/update-browserslist-db'
393 silly reify ]
394 silly reify mark retired [
394 silly reify   '/home/xiaohua/KPL_BP_Simulator/frontend/node_modules/node-releases'
394 silly reify ]
395 silly reify moves {
395 silly reify   '/home/xiaohua/KPL_BP_Simulator/frontend/node_modules/browserslist': '/home/xiaohua/KPL_BP_Simulator/frontend/node_modules/.browserslist-U427Avg9',
395 silly reify   '/home/xiaohua/KPL_BP_Simulator/frontend/node_modules/.bin/browserslist': '/home/xiaohua/KPL_BP_Simulator/frontend/node_modules/.bin/.browserslist-ETiVOq89',
395 silly reify   '/home/xiaohua/KPL_BP_Simulator/frontend/node_modules/baseline-browser-mapping': '/home/xiaohua/KPL_BP_Simulator/frontend/node_modules/.baseline-browser-mapping-KS4iOr6p',
395 silly reify   '/home/xiaohua/KPL_BP_Simulator/frontend/node_modules/.bin/baseline-browser-mapping': '/home/xiaohua/KPL_BP_Simulator/frontend/node_modules/.bin/.baseline-browser-mapping-Pk18uFY4',
395 silly reify   '/home/xiaohua/KPL_BP_Simulator/frontend/node_modules/electron-to-chromium': '/home/xiaohua/KPL_BP_Simulator/frontend/node_modules/.electron-to-chromium-E11yhQg5',
395 silly reify   '/home/xiaohua/KPL_BP_Simulator/frontend/node_modules/postcss': '/home/xiaohua/KPL_BP_Simulator/frontend/node_modules/.postcss-SGEXAL22',
395 silly reify   '/home/xiaohua/KPL_BP_Simulator/frontend/node_modules/update-browserslist-db': '/home/xiaohua/KPL_BP_Simulator/frontend/node_modules/.update-browserslist-db-9W7P5Nwg',
395 silly reify   '/home/xiaohua/KPL_BP_Simulator/frontend/node_modules/.bin/update-browserslist-db': '/home/xiaohua/KPL_BP_Simulator/frontend/node_modules/.bin/.update-browserslist-db-e3HMMeFB',
395 silly reify   '/home/xiaohua/KPL_BP_Simulator/frontend/node_modules/node-releases': '/home/xiaohua/KPL_BP_Simulator/frontend/node_modules/.node-releases-aJUXABDV'
395 silly reify }
396 silly audit bulk request {
396 silly audit   '@babel/code-frame': [ '7.29.7' ],
396 silly audit   '@babel/compat-data': [ '7.29.7' ],
396 silly audit   '@babel/core': [ '7.29.7' ],
396 silly audit   '@babel/generator': [ '7.29.8' ],
396 silly audit   '@babel/helper-compilation-targets': [ '7.29.7' ],
396 silly audit   '@babel/helper-globals': [ '7.29.7' ],
396 silly audit   '@babel/helper-module-imports': [ '7.29.7' ],
396 silly audit   '@babel/helper-module-transforms': [ '7.29.7' ],
396 silly audit   '@babel/helper-plugin-utils': [ '7.29.7' ],
396 silly audit   '@babel/helper-string-parser': [ '7.29.7' ],
396 silly audit   '@babel/helper-validator-identifier': [ '7.29.7' ],
396 silly audit   '@babel/helper-validator-option': [ '7.29.7' ],
396 silly audit   '@babel/helpers': [ '7.29.7' ],
396 silly audit   '@babel/parser': [ '7.29.8' ],
396 silly audit   '@babel/plugin-transform-react-jsx-self': [ '7.29.7' ],
396 silly audit   '@babel/plugin-transform-react-jsx-source': [ '7.29.7' ],
396 silly audit   '@babel/template': [ '7.29.7' ],
396 silly audit   '@babel/traverse': [ '7.29.8' ],
396 silly audit   '@babel/types': [ '7.29.8' ],
396 silly audit   '@esbuild/aix-ppc64': [ '0.21.5' ],
396 silly audit   '@esbuild/android-arm': [ '0.21.5' ],
396 silly audit   '@esbuild/android-arm64': [ '0.21.5' ],
396 silly audit   '@esbuild/android-x64': [ '0.21.5' ],
396 silly audit   '@esbuild/darwin-arm64': [ '0.21.5' ],
396 silly audit   '@esbuild/darwin-x64': [ '0.21.5' ],
396 silly audit   '@esbuild/freebsd-arm64': [ '0.21.5' ],
396 silly audit   '@esbuild/freebsd-x64': [ '0.21.5' ],
396 silly audit   '@esbuild/linux-arm': [ '0.21.5' ],
396 silly audit   '@esbuild/linux-arm64': [ '0.21.5' ],
396 silly audit   '@esbuild/linux-ia32': [ '0.21.5' ],
396 silly audit   '@esbuild/linux-loong64': [ '0.21.5' ],
396 silly audit   '@esbuild/linux-mips64el': [ '0.21.5' ],
396 silly audit   '@esbuild/linux-ppc64': [ '0.21.5' ],
396 silly audit   '@esbuild/linux-riscv64': [ '0.21.5' ],
396 silly audit   '@esbuild/linux-s390x': [ '0.21.5' ],
396 silly audit   '@esbuild/linux-x64': [ '0.21.5' ],
396 silly audit   '@esbuild/netbsd-x64': [ '0.21.5' ],
396 silly audit   '@esbuild/openbsd-x64': [ '0.21.5' ],
396 silly audit   '@esbuild/sunos-x64': [ '0.21.5' ],
396 silly audit   '@esbuild/win32-arm64': [ '0.21.5' ],
396 silly audit   '@esbuild/win32-ia32': [ '0.21.5' ],
396 silly audit   '@esbuild/win32-x64': [ '0.21.5' ],
396 silly audit   '@jridgewell/gen-mapping': [ '0.3.13' ],
396 silly audit   '@jridgewell/remapping': [ '2.3.5' ],
396 silly audit   '@jridgewell/resolve-uri': [ '3.1.2' ],
396 silly audit   '@jridgewell/sourcemap-codec': [ '1.6.0' ],
396 silly audit   '@jridgewell/trace-mapping': [ '0.3.31' ],
396 silly audit   '@napi-rs/lzma-linux-x64-gnu': [ '1.5.1' ],
396 silly audit   '@remix-run/router': [ '1.23.4' ],
396 silly audit   '@rolldown/pluginutils': [ '1.0.0-beta.27' ],
396 silly audit   '@rollup/rollup-android-arm-eabi': [ '4.63.1' ],
396 silly audit   '@rollup/rollup-android-arm64': [ '4.63.1' ],
396 silly audit   '@rollup/rollup-darwin-arm64': [ '4.63.1' ],
396 silly audit   '@rollup/rollup-darwin-x64': [ '4.63.1' ],
396 silly audit   '@rollup/rollup-freebsd-arm64': [ '4.63.1' ],
396 silly audit   '@rollup/rollup-freebsd-x64': [ '4.63.1' ],
396 silly audit   '@rollup/rollup-linux-arm-gnueabihf': [ '4.63.1' ],
396 silly audit   '@rollup/rollup-linux-arm-musleabihf': [ '4.63.1' ],
396 silly audit   '@rollup/rollup-linux-arm64-gnu': [ '4.63.1' ],
396 silly audit   '@rollup/rollup-linux-arm64-musl': [ '4.63.1' ],
396 silly audit   '@rollup/rollup-linux-loong64-gnu': [ '4.63.1' ],
396 silly audit   '@rollup/rollup-linux-loong64-musl': [ '4.63.1' ],
396 silly audit   '@rollup/rollup-linux-ppc64-gnu': [ '4.63.1' ],
396 silly audit   '@rollup/rollup-linux-ppc64-musl': [ '4.63.1' ],
396 silly audit   '@rollup/rollup-linux-riscv64-gnu': [ '4.63.1' ],
396 silly audit   '@rollup/rollup-linux-riscv64-musl': [ '4.63.1' ],
396 silly audit   '@rollup/rollup-linux-s390x-gnu': [ '4.63.1' ],
396 silly audit   '@rollup/rollup-linux-x64-gnu': [ '4.63.1' ],
396 silly audit   '@rollup/rollup-linux-x64-musl': [ '4.63.1' ],
396 silly audit   '@rollup/rollup-openbsd-x64': [ '4.63.1' ],
396 silly audit   '@rollup/rollup-openharmony-arm64': [ '4.63.1' ],
396 silly audit   '@rollup/rollup-win32-arm64-msvc': [ '4.63.1' ],
396 silly audit   '@rollup/rollup-win32-ia32-msvc': [ '4.63.1' ],
396 silly audit   '@rollup/rollup-win32-x64-gnu': [ '4.63.1' ],
396 silly audit   '@rollup/rollup-win32-x64-msvc': [ '4.63.1' ],
396 silly audit   '@types/babel__core': [ '7.20.5' ],
396 silly audit   '@types/babel__generator': [ '7.27.0' ],
396 silly audit   '@types/babel__template': [ '7.4.4' ],
396 silly audit   '@types/babel__traverse': [ '7.28.0' ],
396 silly audit   '@types/estree': [ '1.0.9' ],
396 silly audit   '@types/prop-types': [ '15.7.15' ],
396 silly audit   '@types/react': [ '18.3.31' ],
396 silly audit   '@types/react-dom': [ '18.3.7' ],
396 silly audit   '@vitejs/plugin-react': [ '4.7.0' ],
396 silly audit   'agent-base': [ '6.0.2' ],
396 silly audit   asynckit: [ '0.4.0' ],
396 silly audit   axios: [ '1.20.0' ],
396 silly audit   'call-bind-apply-helpers': [ '1.0.2' ],
396 silly audit   'caniuse-lite': [ '1.0.30001810' ],
396 silly audit   'combined-stream': [ '1.0.8' ],
396 silly audit   'convert-source-map': [ '2.0.0' ],
396 silly audit   csstype: [ '3.2.3' ],
396 silly audit   debug: [ '4.4.3' ],
396 silly audit   'delayed-stream': [ '1.0.0' ],
396 silly audit   'dunder-proto': [ '1.0.1' ],
396 silly audit   'es-define-property': [ '1.0.1' ],
396 silly audit   'es-errors': [ '1.3.0' ],
396 silly audit   'es-object-atoms': [ '1.1.2' ],
396 silly audit   'es-set-tostringtag': [ '2.1.0' ],
396 silly audit   esbuild: [ '0.21.5' ],
396 silly audit   'follow-redirects': [ '1.16.0' ],
396 silly audit   'form-data': [ '4.0.6' ],
396 silly audit   fsevents: [ '2.3.3' ],
396 silly audit   'function-bind': [ '1.1.2' ],
396 silly audit   gensync: [ '1.0.0-beta.2' ],
396 silly audit   'get-intrinsic': [ '1.3.0' ],
396 silly audit   'get-proto': [ '1.0.1' ],
396 silly audit   gopd: [ '1.2.0' ],
396 silly audit   'has-symbols': [ '1.1.0' ],
396 silly audit   'has-tostringtag': [ '1.0.2' ],
396 silly audit   hasown: [ '2.0.4' ],
396 silly audit   'https-proxy-agent': [ '5.0.1' ],
396 silly audit   'js-tokens': [ '4.0.0' ],
396 silly audit   jsesc: [ '3.1.0' ],
396 silly audit   json5: [ '2.2.3' ],
396 silly audit   'loose-envify': [ '1.4.0' ],
396 silly audit   'lru-cache': [ '5.1.1' ],
396 silly audit   'math-intrinsics': [ '1.1.0' ],
396 silly audit   'mime-db': [ '1.52.0' ],
396 silly audit   'mime-types': [ '2.1.35' ],
396 silly audit   ms: [ '2.1.3' ],
396 silly audit   nanoid: [ '3.3.18' ],
396 silly audit   picocolors: [ '1.1.1' ],
396 silly audit   'proxy-from-env': [ '2.1.0' ],
396 silly audit   react: [ '18.3.1' ],
396 silly audit   'react-dom': [ '18.3.1' ],
396 silly audit   'react-refresh': [ '0.17.0' ],
396 silly audit   'react-router': [ '6.30.6' ],
396 silly audit   'react-router-dom': [ '6.30.6' ],
396 silly audit   rollup: [ '4.63.1' ],
396 silly audit   scheduler: [ '0.23.2' ],
396 silly audit   semver: [ '6.3.1' ],
396 silly audit   'source-map-js': [ '1.2.1' ],
396 silly audit   typescript: [ '5.9.3' ],
396 silly audit   'use-sync-external-store': [ '1.6.0' ],
396 silly audit   vite: [ '5.4.21' ],
396 silly audit   yallist: [ '3.1.1' ],
396 silly audit   zustand: [ '4.5.7' ],
396 silly audit   autoprefixer: [ '10.6.1' ],
396 silly audit   postcss: [ '8.5.28' ],
396 silly audit   tailwindcss: [ '3.4.19' ],
396 silly audit   browserslist: [ '4.29.0' ],
396 silly audit   'fraction.js': [ '5.3.4' ],
396 silly audit   'postcss-value-parser': [ '4.2.0' ],
396 silly audit   'baseline-browser-mapping': [ '2.11.23' ],
396 silly audit   'electron-to-chromium': [ '1.5.428' ],
396 silly audit   'node-releases': [ '2.0.55' ],
396 silly audit   'update-browserslist-db': [ '1.3.3' ],
396 silly audit   '@alloc/quick-lru': [ '5.3.0' ],
396 silly audit   arg: [ '5.0.2' ],
396 silly audit   chokidar: [ '3.6.0' ],
396 silly audit   didyoumean: [ '1.2.2' ],
396 silly audit   dlv: [ '1.1.3' ],
396 silly audit   'fast-glob': [ '3.3.3' ],
396 silly audit   'glob-parent': [ '6.0.2', '5.1.2' ],
396 silly audit   'is-glob': [ '4.0.3' ],
396 silly audit   jiti: [ '1.21.7' ],
396 silly audit   lilconfig: [ '3.1.3' ],
396 silly audit   micromatch: [ '4.0.8' ],
396 silly audit   'normalize-path': [ '3.0.0' ],
396 silly audit   'object-hash': [ '3.0.0' ],
396 silly audit   'postcss-import': [ '15.1.0' ],
396 silly audit   'postcss-js': [ '4.1.0' ],
396 silly audit   'postcss-load-config': [ '6.0.1' ],
396 silly audit   'postcss-nested': [ '6.2.0' ],
396 silly audit   'postcss-selector-parser': [ '6.1.4' ],
396 silly audit   resolve: [ '1.22.12' ],
396 silly audit   sucrase: [ '3.35.1' ],
396 silly audit   anymatch: [ '3.1.3' ],
396 silly audit   braces: [ '3.0.3' ],
396 silly audit   'is-binary-path': [ '2.1.0' ],
396 silly audit   readdirp: [ '3.6.0' ],
396 silly audit   picomatch: [ '2.3.2', '4.0.7' ],
396 silly audit   'fill-range': [ '7.1.1' ],
396 silly audit   '@nodelib/fs.stat': [ '2.0.5' ],
396 silly audit   '@nodelib/fs.walk': [ '1.2.8' ],
396 silly audit   merge2: [ '1.4.1' ],
396 silly audit   '@nodelib/fs.scandir': [ '2.1.5' ],
396 silly audit   fastq: [ '1.20.3' ],
396 silly audit   'run-parallel': [ '1.2.0' ],
396 silly audit   reusify: [ '1.1.0' ],
396 silly audit   'to-regex-range': [ '5.0.1' ],
396 silly audit   'binary-extensions': [ '2.3.0' ],
396 silly audit   'is-extglob': [ '2.1.1' ],
396 silly audit   'read-cache': [ '1.0.2' ],
396 silly audit   'camelcase-css': [ '2.0.1' ],
396 silly audit   cssesc: [ '3.0.0' ],
396 silly audit   'util-deprecate': [ '1.0.2' ],
396 silly audit   'is-core-module': [ '2.16.2' ],
396 silly audit   'path-parse': [ '1.0.7' ],
396 silly audit   'supports-preserve-symlinks-flag': [ '1.0.0' ],
396 silly audit   'queue-microtask': [ '1.2.3' ],
396 silly audit   commander: [ '4.1.1' ],
396 silly audit   'lines-and-columns': [ '1.2.4' ],
396 silly audit   mz: [ '2.7.0' ],
396 silly audit   pirates: [ '4.0.7' ],
396 silly audit   tinyglobby: [ '0.2.17' ],
396 silly audit   'ts-interface-checker': [ '0.1.13' ],
396 silly audit   'any-promise': [ '1.3.0' ],
396 silly audit   'object-assign': [ '4.1.1' ],
396 silly audit   'thenify-all': [ '1.6.0' ],
396 silly audit   thenify: [ '3.3.1' ],
396 silly audit   fdir: [ '6.5.0' ],
396 silly audit   'is-number': [ '7.0.0' ],
396 silly audit   escalade: [ '3.2.0' ]
396 silly audit }
397 verbose reify failed optional dependency /home/xiaohua/KPL_BP_Simulator/frontend/node_modules/fsevents
398 silly reify mark deleted [ '/home/xiaohua/KPL_BP_Simulator/frontend/node_modules/fsevents' ]
399 verbose reify failed optional dependency /home/xiaohua/KPL_BP_Simulator/frontend/node_modules/@rollup/rollup-win32-x64-msvc
400 silly reify mark deleted [
400 silly reify   '/home/xiaohua/KPL_BP_Simulator/frontend/node_modules/@rollup/rollup-win32-x64-msvc'
400 silly reify ]
401 verbose reify failed optional dependency /home/xiaohua/KPL_BP_Simulator/frontend/node_modules/@rollup/rollup-win32-x64-gnu
402 silly reify mark deleted [
402 silly reify   '/home/xiaohua/KPL_BP_Simulator/frontend/node_modules/@rollup/rollup-win32-x64-gnu'
402 silly reify ]
403 verbose reify failed optional dependency /home/xiaohua/KPL_BP_Simulator/frontend/node_modules/@rollup/rollup-win32-ia32-msvc
404 silly reify mark deleted [
404 silly reify   '/home/xiaohua/KPL_BP_Simulator/frontend/node_modules/@rollup/rollup-win32-ia32-msvc'
404 silly reify ]
405 verbose reify failed optional dependency /home/xiaohua/KPL_BP_Simulator/frontend/node_modules/@rollup/rollup-win32-arm64-msvc
406 silly reify mark deleted [
406 silly reify   '/home/xiaohua/KPL_BP_Simulator/frontend/node_modules/@rollup/rollup-win32-arm64-msvc'
406 silly reify ]
407 verbose reify failed optional dependency /home/xiaohua/KPL_BP_Simulator/frontend/node_modules/@rollup/rollup-openharmony-arm64
408 silly reify mark deleted [
408 silly reify   '/home/xiaohua/KPL_BP_Simulator/frontend/node_modules/@rollup/rollup-openharmony-arm64'
408 silly reify ]
409 verbose reify failed optional dependency /home/xiaohua/KPL_BP_Simulator/frontend/node_modules/@rollup/rollup-openbsd-x64
410 silly reify mark deleted [
410 silly reify   '/home/xiaohua/KPL_BP_Simulator/frontend/node_modules/@rollup/rollup-openbsd-x64'
410 silly reify ]
411 verbose reify failed optional dependency /home/xiaohua/KPL_BP_Simulator/frontend/node_modules/@rollup/rollup-linux-s390x-gnu
412 silly reify mark deleted [
412 silly reify   '/home/xiaohua/KPL_BP_Simulator/frontend/node_modules/@rollup/rollup-linux-s390x-gnu'
412 silly reify ]
413 verbose reify failed optional dependency /home/xiaohua/KPL_BP_Simulator/frontend/node_modules/@rollup/rollup-linux-riscv64-musl
414 silly reify mark deleted [
414 silly reify   '/home/xiaohua/KPL_BP_Simulator/frontend/node_modules/@rollup/rollup-linux-riscv64-musl'
414 silly reify ]
415 verbose reify failed optional dependency /home/xiaohua/KPL_BP_Simulator/frontend/node_modules/@rollup/rollup-linux-riscv64-gnu
416 silly reify mark deleted [
416 silly reify   '/home/xiaohua/KPL_BP_Simulator/frontend/node_modules/@rollup/rollup-linux-riscv64-gnu'
416 silly reify ]
417 verbose reify failed optional dependency /home/xiaohua/KPL_BP_Simulator/frontend/node_modules/@rollup/rollup-linux-ppc64-musl
418 silly reify mark deleted [
418 silly reify   '/home/xiaohua/KPL_BP_Simulator/frontend/node_modules/@rollup/rollup-linux-ppc64-musl'
418 silly reify ]
419 verbose reify failed optional dependency /home/xiaohua/KPL_BP_Simulator/frontend/node_modules/@rollup/rollup-linux-ppc64-gnu
420 silly reify mark deleted [
420 silly reify   '/home/xiaohua/KPL_BP_Simulator/frontend/node_modules/@rollup/rollup-linux-ppc64-gnu'
420 silly reify ]
421 verbose reify failed optional dependency /home/xiaohua/KPL_BP_Simulator/frontend/node_modules/@rollup/rollup-linux-loong64-musl
422 silly reify mark deleted [
422 silly reify   '/home/xiaohua/KPL_BP_Simulator/frontend/node_modules/@rollup/rollup-linux-loong64-musl'
422 silly reify ]
423 verbose reify failed optional dependency /home/xiaohua/KPL_BP_Simulator/frontend/node_modules/@rollup/rollup-linux-loong64-gnu
424 silly reify mark deleted [
424 silly reify   '/home/xiaohua/KPL_BP_Simulator/frontend/node_modules/@rollup/rollup-linux-loong64-gnu'
424 silly reify ]
425 verbose reify failed optional dependency /home/xiaohua/KPL_BP_Simulator/frontend/node_modules/@rollup/rollup-linux-arm64-musl
426 silly reify mark deleted [
426 silly reify   '/home/xiaohua/KPL_BP_Simulator/frontend/node_modules/@rollup/rollup-linux-arm64-musl'
426 silly reify ]
427 verbose reify failed optional dependency /home/xiaohua/KPL_BP_Simulator/frontend/node_modules/@rollup/rollup-linux-arm64-gnu
428 silly reify mark deleted [
428 silly reify   '/home/xiaohua/KPL_BP_Simulator/frontend/node_modules/@rollup/rollup-linux-arm64-gnu'
428 silly reify ]
429 verbose reify failed optional dependency /home/xiaohua/KPL_BP_Simulator/frontend/node_modules/@rollup/rollup-linux-arm-musleabihf
430 silly reify mark deleted [
430 silly reify   '/home/xiaohua/KPL_BP_Simulator/frontend/node_modules/@rollup/rollup-linux-arm-musleabihf'
430 silly reify ]
431 verbose reify failed optional dependency /home/xiaohua/KPL_BP_Simulator/frontend/node_modules/@rollup/rollup-linux-arm-gnueabihf
432 silly reify mark deleted [
432 silly reify   '/home/xiaohua/KPL_BP_Simulator/frontend/node_modules/@rollup/rollup-linux-arm-gnueabihf'
432 silly reify ]
433 verbose reify failed optional dependency /home/xiaohua/KPL_BP_Simulator/frontend/node_modules/@rollup/rollup-freebsd-x64
434 silly reify mark deleted [
434 silly reify   '/home/xiaohua/KPL_BP_Simulator/frontend/node_modules/@rollup/rollup-freebsd-x64'
434 silly reify ]
435 verbose reify failed optional dependency /home/xiaohua/KPL_BP_Simulator/frontend/node_modules/@rollup/rollup-freebsd-arm64
436 silly reify mark deleted [
436 silly reify   '/home/xiaohua/KPL_BP_Simulator/frontend/node_modules/@rollup/rollup-freebsd-arm64'
436 silly reify ]
437 verbose reify failed optional dependency /home/xiaohua/KPL_BP_Simulator/frontend/node_modules/@rollup/rollup-darwin-x64
438 silly reify mark deleted [
438 silly reify   '/home/xiaohua/KPL_BP_Simulator/frontend/node_modules/@rollup/rollup-darwin-x64'
438 silly reify ]
439 verbose reify failed optional dependency /home/xiaohua/KPL_BP_Simulator/frontend/node_modules/@rollup/rollup-darwin-arm64
440 silly reify mark deleted [
440 silly reify   '/home/xiaohua/KPL_BP_Simulator/frontend/node_modules/@rollup/rollup-darwin-arm64'
440 silly reify ]
441 verbose reify failed optional dependency /home/xiaohua/KPL_BP_Simulator/frontend/node_modules/@rollup/rollup-android-arm64
442 silly reify mark deleted [
442 silly reify   '/home/xiaohua/KPL_BP_Simulator/frontend/node_modules/@rollup/rollup-android-arm64'
442 silly reify ]
443 verbose reify failed optional dependency /home/xiaohua/KPL_BP_Simulator/frontend/node_modules/@rollup/rollup-android-arm-eabi
444 silly reify mark deleted [
444 silly reify   '/home/xiaohua/KPL_BP_Simulator/frontend/node_modules/@rollup/rollup-android-arm-eabi'
444 silly reify ]
445 verbose reify failed optional dependency /home/xiaohua/KPL_BP_Simulator/frontend/node_modules/@esbuild/win32-x64
446 silly reify mark deleted [
446 silly reify   '/home/xiaohua/KPL_BP_Simulator/frontend/node_modules/@esbuild/win32-x64'
446 silly reify ]
447 verbose reify failed optional dependency /home/xiaohua/KPL_BP_Simulator/frontend/node_modules/@esbuild/win32-ia32
448 silly reify mark deleted [
448 silly reify   '/home/xiaohua/KPL_BP_Simulator/frontend/node_modules/@esbuild/win32-ia32'
448 silly reify ]
449 verbose reify failed optional dependency /home/xiaohua/KPL_BP_Simulator/frontend/node_modules/@esbuild/win32-arm64
450 silly reify mark deleted [
450 silly reify   '/home/xiaohua/KPL_BP_Simulator/frontend/node_modules/@esbuild/win32-arm64'
450 silly reify ]
451 verbose reify failed optional dependency /home/xiaohua/KPL_BP_Simulator/frontend/node_modules/@esbuild/sunos-x64
452 silly reify mark deleted [
452 silly reify   '/home/xiaohua/KPL_BP_Simulator/frontend/node_modules/@esbuild/sunos-x64'
452 silly reify ]
453 verbose reify failed optional dependency /home/xiaohua/KPL_BP_Simulator/frontend/node_modules/@esbuild/openbsd-x64
454 silly reify mark deleted [
454 silly reify   '/home/xiaohua/KPL_BP_Simulator/frontend/node_modules/@esbuild/openbsd-x64'
454 silly reify ]
455 verbose reify failed optional dependency /home/xiaohua/KPL_BP_Simulator/frontend/node_modules/@esbuild/netbsd-x64
456 silly reify mark deleted [
456 silly reify   '/home/xiaohua/KPL_BP_Simulator/frontend/node_modules/@esbuild/netbsd-x64'
456 silly reify ]
457 verbose reify failed optional dependency /home/xiaohua/KPL_BP_Simulator/frontend/node_modules/@esbuild/linux-s390x
458 silly reify mark deleted [
458 silly reify   '/home/xiaohua/KPL_BP_Simulator/frontend/node_modules/@esbuild/linux-s390x'
458 silly reify ]
459 verbose reify failed optional dependency /home/xiaohua/KPL_BP_Simulator/frontend/node_modules/@esbuild/linux-riscv64
460 silly reify mark deleted [
460 silly reify   '/home/xiaohua/KPL_BP_Simulator/frontend/node_modules/@esbuild/linux-riscv64'
460 silly reify ]
461 verbose reify failed optional dependency /home/xiaohua/KPL_BP_Simulator/frontend/node_modules/@esbuild/linux-ppc64
462 silly reify mark deleted [
462 silly reify   '/home/xiaohua/KPL_BP_Simulator/frontend/node_modules/@esbuild/linux-ppc64'
462 silly reify ]
463 verbose reify failed optional dependency /home/xiaohua/KPL_BP_Simulator/frontend/node_modules/@esbuild/linux-mips64el
464 silly reify mark deleted [
464 silly reify   '/home/xiaohua/KPL_BP_Simulator/frontend/node_modules/@esbuild/linux-mips64el'
464 silly reify ]
465 verbose reify failed optional dependency /home/xiaohua/KPL_BP_Simulator/frontend/node_modules/@esbuild/linux-loong64
466 silly reify mark deleted [
466 silly reify   '/home/xiaohua/KPL_BP_Simulator/frontend/node_modules/@esbuild/linux-loong64'
466 silly reify ]
467 verbose reify failed optional dependency /home/xiaohua/KPL_BP_Simulator/frontend/node_modules/@esbuild/linux-ia32
468 silly reify mark deleted [
468 silly reify   '/home/xiaohua/KPL_BP_Simulator/frontend/node_modules/@esbuild/linux-ia32'
468 silly reify ]
469 verbose reify failed optional dependency /home/xiaohua/KPL_BP_Simulator/frontend/node_modules/@esbuild/linux-arm64
470 silly reify mark deleted [
470 silly reify   '/home/xiaohua/KPL_BP_Simulator/frontend/node_modules/@esbuild/linux-arm64'
470 silly reify ]
471 verbose reify failed optional dependency /home/xiaohua/KPL_BP_Simulator/frontend/node_modules/@esbuild/linux-arm
472 silly reify mark deleted [
472 silly reify   '/home/xiaohua/KPL_BP_Simulator/frontend/node_modules/@esbuild/linux-arm'
472 silly reify ]
473 verbose reify failed optional dependency /home/xiaohua/KPL_BP_Simulator/frontend/node_modules/@esbuild/freebsd-x64
474 silly reify mark deleted [
474 silly reify   '/home/xiaohua/KPL_BP_Simulator/frontend/node_modules/@esbuild/freebsd-x64'
474 silly reify ]
475 verbose reify failed optional dependency /home/xiaohua/KPL_BP_Simulator/frontend/node_modules/@esbuild/freebsd-arm64
476 silly reify mark deleted [
476 silly reify   '/home/xiaohua/KPL_BP_Simulator/frontend/node_modules/@esbuild/freebsd-arm64'
476 silly reify ]
477 verbose reify failed optional dependency /home/xiaohua/KPL_BP_Simulator/frontend/node_modules/@esbuild/darwin-x64
478 silly reify mark deleted [
478 silly reify   '/home/xiaohua/KPL_BP_Simulator/frontend/node_modules/@esbuild/darwin-x64'
478 silly reify ]
479 verbose reify failed optional dependency /home/xiaohua/KPL_BP_Simulator/frontend/node_modules/@esbuild/darwin-arm64
480 silly reify mark deleted [
480 silly reify   '/home/xiaohua/KPL_BP_Simulator/frontend/node_modules/@esbuild/darwin-arm64'
480 silly reify ]
481 verbose reify failed optional dependency /home/xiaohua/KPL_BP_Simulator/frontend/node_modules/@esbuild/android-x64
482 silly reify mark deleted [
482 silly reify   '/home/xiaohua/KPL_BP_Simulator/frontend/node_modules/@esbuild/android-x64'
482 silly reify ]
483 verbose reify failed optional dependency /home/xiaohua/KPL_BP_Simulator/frontend/node_modules/@esbuild/android-arm64
484 silly reify mark deleted [
484 silly reify   '/home/xiaohua/KPL_BP_Simulator/frontend/node_modules/@esbuild/android-arm64'
484 silly reify ]
485 verbose reify failed optional dependency /home/xiaohua/KPL_BP_Simulator/frontend/node_modules/@esbuild/android-arm
486 silly reify mark deleted [
486 silly reify   '/home/xiaohua/KPL_BP_Simulator/frontend/node_modules/@esbuild/android-arm'
486 silly reify ]
487 verbose reify failed optional dependency /home/xiaohua/KPL_BP_Simulator/frontend/node_modules/@esbuild/aix-ppc64
488 silly reify mark deleted [
488 silly reify   '/home/xiaohua/KPL_BP_Simulator/frontend/node_modules/@esbuild/aix-ppc64'
488 silly reify ]
489 http cache is-number@https://registry.npmmirror.com/is-number/-/is-number-7.0.0.tgz 0ms (cache hit)
490 http cache thenify@https://registry.npmmirror.com/thenify/-/thenify-3.3.1.tgz 0ms (cache hit)
491 http cache thenify-all@https://registry.npmmirror.com/thenify-all/-/thenify-all-1.6.0.tgz 0ms (cache hit)
492 http cache object-assign@https://registry.npmmirror.com/object-assign/-/object-assign-4.1.1.tgz 0ms (cache hit)
493 http cache ts-interface-checker@https://registry.npmmirror.com/ts-interface-checker/-/ts-interface-checker-0.1.13.tgz 0ms (cache hit)
494 http cache tinyglobby@https://registry.npmmirror.com/tinyglobby/-/tinyglobby-0.2.17.tgz 0ms (cache hit)
495 http cache pirates@https://registry.npmmirror.com/pirates/-/pirates-4.0.7.tgz 0ms (cache hit)
496 http cache any-promise@https://registry.npmmirror.com/any-promise/-/any-promise-1.3.0.tgz 0ms (cache hit)
497 http cache mz@https://registry.npmmirror.com/mz/-/mz-2.7.0.tgz 0ms (cache hit)
498 http cache queue-microtask@https://registry.npmmirror.com/queue-microtask/-/queue-microtask-1.2.3.tgz 0ms (cache hit)
499 http cache supports-preserve-symlinks-flag@https://registry.npmmirror.com/supports-preserve-symlinks-flag/-/supports-preserve-symlinks-flag-1.0.0.tgz 0ms (cache hit)
500 http cache commander@https://registry.npmmirror.com/commander/-/commander-4.1.1.tgz 0ms (cache hit)
501 http cache is-core-module@https://registry.npmmirror.com/is-core-module/-/is-core-module-2.16.2.tgz 0ms (cache hit)
502 http cache path-parse@https://registry.npmmirror.com/path-parse/-/path-parse-1.0.7.tgz 0ms (cache hit)
503 http cache util-deprecate@https://registry.npmmirror.com/util-deprecate/-/util-deprecate-1.0.2.tgz 0ms (cache hit)
504 http cache cssesc@https://registry.npmmirror.com/cssesc/-/cssesc-3.0.0.tgz 0ms (cache hit)
505 http cache camelcase-css@https://registry.npmmirror.com/camelcase-css/-/camelcase-css-2.0.1.tgz 0ms (cache hit)
506 http cache is-extglob@https://registry.npmmirror.com/is-extglob/-/is-extglob-2.1.1.tgz 0ms (cache hit)
507 http cache read-cache@https://registry.npmmirror.com/read-cache/-/read-cache-1.0.2.tgz 0ms (cache hit)
508 http cache binary-extensions@https://registry.npmmirror.com/binary-extensions/-/binary-extensions-2.3.0.tgz 0ms (cache hit)
509 http cache to-regex-range@https://registry.npmmirror.com/to-regex-range/-/to-regex-range-5.0.1.tgz 0ms (cache hit)
510 http cache reusify@https://registry.npmmirror.com/reusify/-/reusify-1.1.0.tgz 0ms (cache hit)
511 http cache run-parallel@https://registry.npmmirror.com/run-parallel/-/run-parallel-1.2.0.tgz 0ms (cache hit)
512 http cache fastq@https://registry.npmmirror.com/fastq/-/fastq-1.20.3.tgz 0ms (cache hit)
513 http cache @nodelib/fs.scandir@https://registry.npmmirror.com/@nodelib/fs.scandir/-/fs.scandir-2.1.5.tgz 0ms (cache hit)
514 http cache merge2@https://registry.npmmirror.com/merge2/-/merge2-1.4.1.tgz 0ms (cache hit)
515 http cache @nodelib/fs.walk@https://registry.npmmirror.com/@nodelib/fs.walk/-/fs.walk-1.2.8.tgz 0ms (cache hit)
516 http cache fill-range@https://registry.npmmirror.com/fill-range/-/fill-range-7.1.1.tgz 0ms (cache hit)
517 http cache picomatch@https://registry.npmmirror.com/picomatch/-/picomatch-2.3.2.tgz 0ms (cache hit)
518 http cache @nodelib/fs.stat@https://registry.npmmirror.com/@nodelib/fs.stat/-/fs.stat-2.0.5.tgz 0ms (cache hit)
519 http cache readdirp@https://registry.npmmirror.com/readdirp/-/readdirp-3.6.0.tgz 0ms (cache hit)
520 http cache is-binary-path@https://registry.npmmirror.com/is-binary-path/-/is-binary-path-2.1.0.tgz 0ms (cache hit)
521 http cache braces@https://registry.npmmirror.com/braces/-/braces-3.0.3.tgz 0ms (cache hit)
522 http cache lines-and-columns@https://registry.npmmirror.com/lines-and-columns/-/lines-and-columns-1.2.4.tgz 0ms (cache hit)
523 http cache sucrase@https://registry.npmmirror.com/sucrase/-/sucrase-3.35.1.tgz 0ms (cache hit)
524 http cache anymatch@https://registry.npmmirror.com/anymatch/-/anymatch-3.1.3.tgz 0ms (cache hit)
525 http cache resolve@https://registry.npmmirror.com/resolve/-/resolve-1.22.12.tgz 0ms (cache hit)
526 http cache postcss-selector-parser@https://registry.npmmirror.com/postcss-selector-parser/-/postcss-selector-parser-6.1.4.tgz 0ms (cache hit)
527 http cache postcss-nested@https://registry.npmmirror.com/postcss-nested/-/postcss-nested-6.2.0.tgz 0ms (cache hit)
528 http cache postcss-load-config@https://registry.npmmirror.com/postcss-load-config/-/postcss-load-config-6.0.1.tgz 0ms (cache hit)
529 http cache postcss-js@https://registry.npmmirror.com/postcss-js/-/postcss-js-4.1.0.tgz 0ms (cache hit)
530 http cache object-hash@https://registry.npmmirror.com/object-hash/-/object-hash-3.0.0.tgz 0ms (cache hit)
531 http cache postcss-import@https://registry.npmmirror.com/postcss-import/-/postcss-import-15.1.0.tgz 0ms (cache hit)
532 http cache normalize-path@https://registry.npmmirror.com/normalize-path/-/normalize-path-3.0.0.tgz 0ms (cache hit)
533 http cache micromatch@https://registry.npmmirror.com/micromatch/-/micromatch-4.0.8.tgz 0ms (cache hit)
534 http cache lilconfig@https://registry.npmmirror.com/lilconfig/-/lilconfig-3.1.3.tgz 0ms (cache hit)
535 http cache jiti@https://registry.npmmirror.com/jiti/-/jiti-1.21.7.tgz 0ms (cache hit)
536 http cache is-glob@https://registry.npmmirror.com/is-glob/-/is-glob-4.0.3.tgz 0ms (cache hit)
537 http cache glob-parent@https://registry.npmmirror.com/glob-parent/-/glob-parent-6.0.2.tgz 0ms (cache hit)
538 http cache didyoumean@https://registry.npmmirror.com/didyoumean/-/didyoumean-1.2.2.tgz 0ms (cache hit)
539 http cache chokidar@https://registry.npmmirror.com/chokidar/-/chokidar-3.6.0.tgz 0ms (cache hit)
540 http cache dlv@https://registry.npmmirror.com/dlv/-/dlv-1.1.3.tgz 0ms (cache hit)
541 http cache arg@https://registry.npmmirror.com/arg/-/arg-5.0.2.tgz 0ms (cache hit)
542 http cache postcss-value-parser@https://registry.npmmirror.com/postcss-value-parser/-/postcss-value-parser-4.2.0.tgz 0ms (cache hit)
543 http cache @alloc/quick-lru@https://registry.npmmirror.com/@alloc/quick-lru/-/quick-lru-5.3.0.tgz 0ms (cache hit)
544 http cache fraction.js@https://registry.npmmirror.com/fraction.js/-/fraction.js-5.3.4.tgz 0ms (cache hit)
545 http cache tailwindcss@https://registry.npmmirror.com/tailwindcss/-/tailwindcss-3.4.19.tgz 0ms (cache hit)
546 http cache autoprefixer@https://registry.npmmirror.com/autoprefixer/-/autoprefixer-10.6.1.tgz 0ms (cache hit)
547 http cache @rollup/rollup-linux-x64-musl@https://registry.npmmirror.com/@rollup/rollup-linux-x64-musl/-/rollup-linux-x64-musl-4.63.1.tgz 0ms (cache hit)
548 http cache node-releases@https://registry.npmmirror.com/node-releases/-/node-releases-2.0.55.tgz 0ms (cache hit)
549 http cache update-browserslist-db@https://registry.npmmirror.com/update-browserslist-db/-/update-browserslist-db-1.3.3.tgz 0ms (cache hit)
550 http cache postcss@https://registry.npmmirror.com/postcss/-/postcss-8.5.28.tgz 0ms (cache hit)
551 http cache electron-to-chromium@https://registry.npmmirror.com/electron-to-chromium/-/electron-to-chromium-1.5.428.tgz 0ms (cache hit)
552 http cache fast-glob@https://registry.npmmirror.com/fast-glob/-/fast-glob-3.3.3.tgz 0ms (cache hit)
553 http cache browserslist@https://registry.npmmirror.com/browserslist/-/browserslist-4.29.0.tgz 0ms (cache hit)
554 http cache baseline-browser-mapping@https://registry.npmmirror.com/baseline-browser-mapping/-/baseline-browser-mapping-2.11.23.tgz 0ms (cache hit)
555 http cache picomatch@https://registry.npmmirror.com/picomatch/-/picomatch-4.0.7.tgz 0ms (cache hit)
556 http cache fdir@https://registry.npmmirror.com/fdir/-/fdir-6.5.0.tgz 0ms (cache hit)
557 http cache glob-parent@https://registry.npmmirror.com/glob-parent/-/glob-parent-5.1.2.tgz 0ms (cache hit)
558 http cache glob-parent@https://registry.npmmirror.com/glob-parent/-/glob-parent-5.1.2.tgz 0ms (cache hit)
559 silly tarball no local data for is-number@https://registry.npmmirror.com/is-number/-/is-number-7.0.0.tgz. Extracting by manifest.
560 silly tarball no local data for thenify@https://registry.npmmirror.com/thenify/-/thenify-3.3.1.tgz. Extracting by manifest.
561 silly tarball no local data for thenify-all@https://registry.npmmirror.com/thenify-all/-/thenify-all-1.6.0.tgz. Extracting by manifest.
562 silly tarball no local data for object-assign@https://registry.npmmirror.com/object-assign/-/object-assign-4.1.1.tgz. Extracting by manifest.
563 silly tarball no local data for ts-interface-checker@https://registry.npmmirror.com/ts-interface-checker/-/ts-interface-checker-0.1.13.tgz. Extracting by manifest.
564 silly tarball no local data for tinyglobby@https://registry.npmmirror.com/tinyglobby/-/tinyglobby-0.2.17.tgz. Extracting by manifest.
565 silly tarball no local data for pirates@https://registry.npmmirror.com/pirates/-/pirates-4.0.7.tgz. Extracting by manifest.
566 silly tarball no local data for any-promise@https://registry.npmmirror.com/any-promise/-/any-promise-1.3.0.tgz. Extracting by manifest.
567 silly tarball no local data for mz@https://registry.npmmirror.com/mz/-/mz-2.7.0.tgz. Extracting by manifest.
568 silly tarball no local data for queue-microtask@https://registry.npmmirror.com/queue-microtask/-/queue-microtask-1.2.3.tgz. Extracting by manifest.
569 silly tarball no local data for supports-preserve-symlinks-flag@https://registry.npmmirror.com/supports-preserve-symlinks-flag/-/supports-preserve-symlinks-flag-1.0.0.tgz. Extracting by manifest.
570 silly tarball no local data for commander@https://registry.npmmirror.com/commander/-/commander-4.1.1.tgz. Extracting by manifest.
571 silly tarball no local data for is-core-module@https://registry.npmmirror.com/is-core-module/-/is-core-module-2.16.2.tgz. Extracting by manifest.
572 silly tarball no local data for path-parse@https://registry.npmmirror.com/path-parse/-/path-parse-1.0.7.tgz. Extracting by manifest.
573 silly tarball no local data for util-deprecate@https://registry.npmmirror.com/util-deprecate/-/util-deprecate-1.0.2.tgz. Extracting by manifest.
574 silly tarball no local data for cssesc@https://registry.npmmirror.com/cssesc/-/cssesc-3.0.0.tgz. Extracting by manifest.
575 silly tarball no local data for camelcase-css@https://registry.npmmirror.com/camelcase-css/-/camelcase-css-2.0.1.tgz. Extracting by manifest.
576 silly tarball no local data for is-extglob@https://registry.npmmirror.com/is-extglob/-/is-extglob-2.1.1.tgz. Extracting by manifest.
577 silly tarball no local data for read-cache@https://registry.npmmirror.com/read-cache/-/read-cache-1.0.2.tgz. Extracting by manifest.
578 silly tarball no local data for binary-extensions@https://registry.npmmirror.com/binary-extensions/-/binary-extensions-2.3.0.tgz. Extracting by manifest.
579 silly tarball no local data for to-regex-range@https://registry.npmmirror.com/to-regex-range/-/to-regex-range-5.0.1.tgz. Extracting by manifest.
580 silly tarball no local data for reusify@https://registry.npmmirror.com/reusify/-/reusify-1.1.0.tgz. Extracting by manifest.
581 silly tarball no local data for run-parallel@https://registry.npmmirror.com/run-parallel/-/run-parallel-1.2.0.tgz. Extracting by manifest.
582 silly tarball no local data for fastq@https://registry.npmmirror.com/fastq/-/fastq-1.20.3.tgz. Extracting by manifest.
583 silly tarball no local data for @nodelib/fs.scandir@https://registry.npmmirror.com/@nodelib/fs.scandir/-/fs.scandir-2.1.5.tgz. Extracting by manifest.
584 silly tarball no local data for merge2@https://registry.npmmirror.com/merge2/-/merge2-1.4.1.tgz. Extracting by manifest.
585 silly tarball no local data for @nodelib/fs.walk@https://registry.npmmirror.com/@nodelib/fs.walk/-/fs.walk-1.2.8.tgz. Extracting by manifest.
586 silly tarball no local data for fill-range@https://registry.npmmirror.com/fill-range/-/fill-range-7.1.1.tgz. Extracting by manifest.
587 silly tarball no local data for picomatch@https://registry.npmmirror.com/picomatch/-/picomatch-2.3.2.tgz. Extracting by manifest.
588 silly tarball no local data for @nodelib/fs.stat@https://registry.npmmirror.com/@nodelib/fs.stat/-/fs.stat-2.0.5.tgz. Extracting by manifest.
589 silly tarball no local data for readdirp@https://registry.npmmirror.com/readdirp/-/readdirp-3.6.0.tgz. Extracting by manifest.
590 silly tarball no local data for is-binary-path@https://registry.npmmirror.com/is-binary-path/-/is-binary-path-2.1.0.tgz. Extracting by manifest.
591 silly tarball no local data for braces@https://registry.npmmirror.com/braces/-/braces-3.0.3.tgz. Extracting by manifest.
592 silly tarball no local data for lines-and-columns@https://registry.npmmirror.com/lines-and-columns/-/lines-and-columns-1.2.4.tgz. Extracting by manifest.
593 silly tarball no local data for sucrase@https://registry.npmmirror.com/sucrase/-/sucrase-3.35.1.tgz. Extracting by manifest.
594 silly tarball no local data for anymatch@https://registry.npmmirror.com/anymatch/-/anymatch-3.1.3.tgz. Extracting by manifest.
595 silly tarball no local data for resolve@https://registry.npmmirror.com/resolve/-/resolve-1.22.12.tgz. Extracting by manifest.
596 silly tarball no local data for postcss-selector-parser@https://registry.npmmirror.com/postcss-selector-parser/-/postcss-selector-parser-6.1.4.tgz. Extracting by manifest.
597 silly tarball no local data for postcss-nested@https://registry.npmmirror.com/postcss-nested/-/postcss-nested-6.2.0.tgz. Extracting by manifest.
598 silly tarball no local data for postcss-load-config@https://registry.npmmirror.com/postcss-load-config/-/postcss-load-config-6.0.1.tgz. Extracting by manifest.
599 silly tarball no local data for postcss-js@https://registry.npmmirror.com/postcss-js/-/postcss-js-4.1.0.tgz. Extracting by manifest.
600 silly tarball no local data for object-hash@https://registry.npmmirror.com/object-hash/-/object-hash-3.0.0.tgz. Extracting by manifest.
601 silly tarball no local data for postcss-import@https://registry.npmmirror.com/postcss-import/-/postcss-import-15.1.0.tgz. Extracting by manifest.
602 silly tarball no local data for normalize-path@https://registry.npmmirror.com/normalize-path/-/normalize-path-3.0.0.tgz. Extracting by manifest.
603 silly tarball no local data for micromatch@https://registry.npmmirror.com/micromatch/-/micromatch-4.0.8.tgz. Extracting by manifest.
604 silly tarball no local data for lilconfig@https://registry.npmmirror.com/lilconfig/-/lilconfig-3.1.3.tgz. Extracting by manifest.
605 silly tarball no local data for jiti@https://registry.npmmirror.com/jiti/-/jiti-1.21.7.tgz. Extracting by manifest.
606 http fetch POST 404 https://registry.npmmirror.com/-/npm/v1/security/advisories/bulk 41ms
607 silly audit bulk request failed [object Object]
608 silly tarball no local data for is-glob@https://registry.npmmirror.com/is-glob/-/is-glob-4.0.3.tgz. Extracting by manifest.
609 silly tarball no local data for glob-parent@https://registry.npmmirror.com/glob-parent/-/glob-parent-6.0.2.tgz. Extracting by manifest.
610 silly tarball no local data for didyoumean@https://registry.npmmirror.com/didyoumean/-/didyoumean-1.2.2.tgz. Extracting by manifest.
611 silly tarball no local data for chokidar@https://registry.npmmirror.com/chokidar/-/chokidar-3.6.0.tgz. Extracting by manifest.
612 silly tarball no local data for dlv@https://registry.npmmirror.com/dlv/-/dlv-1.1.3.tgz. Extracting by manifest.
613 silly tarball no local data for arg@https://registry.npmmirror.com/arg/-/arg-5.0.2.tgz. Extracting by manifest.
614 silly tarball no local data for postcss-value-parser@https://registry.npmmirror.com/postcss-value-parser/-/postcss-value-parser-4.2.0.tgz. Extracting by manifest.
615 silly tarball no local data for @alloc/quick-lru@https://registry.npmmirror.com/@alloc/quick-lru/-/quick-lru-5.3.0.tgz. Extracting by manifest.
616 silly tarball no local data for fraction.js@https://registry.npmmirror.com/fraction.js/-/fraction.js-5.3.4.tgz. Extracting by manifest.
617 silly tarball no local data for tailwindcss@https://registry.npmmirror.com/tailwindcss/-/tailwindcss-3.4.19.tgz. Extracting by manifest.
618 silly tarball no local data for autoprefixer@https://registry.npmmirror.com/autoprefixer/-/autoprefixer-10.6.1.tgz. Extracting by manifest.
619 silly tarball no local data for @rollup/rollup-linux-x64-musl@https://registry.npmmirror.com/@rollup/rollup-linux-x64-musl/-/rollup-linux-x64-musl-4.63.1.tgz. Extracting by manifest.
620 silly tarball no local data for node-releases@https://registry.npmmirror.com/node-releases/-/node-releases-2.0.55.tgz. Extracting by manifest.
621 silly tarball no local data for update-browserslist-db@https://registry.npmmirror.com/update-browserslist-db/-/update-browserslist-db-1.3.3.tgz. Extracting by manifest.
622 silly tarball no local data for postcss@https://registry.npmmirror.com/postcss/-/postcss-8.5.28.tgz. Extracting by manifest.
623 silly tarball no local data for electron-to-chromium@https://registry.npmmirror.com/electron-to-chromium/-/electron-to-chromium-1.5.428.tgz. Extracting by manifest.
624 silly tarball no local data for fast-glob@https://registry.npmmirror.com/fast-glob/-/fast-glob-3.3.3.tgz. Extracting by manifest.
625 silly tarball no local data for browserslist@https://registry.npmmirror.com/browserslist/-/browserslist-4.29.0.tgz. Extracting by manifest.
626 silly tarball no local data for baseline-browser-mapping@https://registry.npmmirror.com/baseline-browser-mapping/-/baseline-browser-mapping-2.11.23.tgz. Extracting by manifest.
627 silly tarball no local data for picomatch@https://registry.npmmirror.com/picomatch/-/picomatch-4.0.7.tgz. Extracting by manifest.
628 silly tarball no local data for fdir@https://registry.npmmirror.com/fdir/-/fdir-6.5.0.tgz. Extracting by manifest.
629 silly tarball no local data for glob-parent@https://registry.npmmirror.com/glob-parent/-/glob-parent-5.1.2.tgz. Extracting by manifest.
630 silly tarball no local data for glob-parent@https://registry.npmmirror.com/glob-parent/-/glob-parent-5.1.2.tgz. Extracting by manifest.
631 http fetch POST 404 https://registry.npmmirror.com/-/npm/v1/security/audits/quick 26ms
632 verbose audit error HttpErrorGeneral: 404 Not Found - POST https://registry.npmmirror.com/-/npm/v1/security/audits/quick - [NOT_IMPLEMENTED] /-/npm/v1/security/* not implemented yet
632 verbose audit error     at /usr/lib/node_modules/npm/node_modules/npm-registry-fetch/lib/check-response.js:103:15
632 verbose audit error     at process.processTicksAndRejections (node:internal/process/task_queues:103:5)
632 verbose audit error     at async [getReport] (/usr/lib/node_modules/npm/node_modules/@npmcli/arborist/lib/audit-report.js:336:21)
632 verbose audit error     at async AuditReport.run (/usr/lib/node_modules/npm/node_modules/@npmcli/arborist/lib/audit-report.js:106:19) {
632 verbose audit error   headers: [Object: null prototype] {
632 verbose audit error     server: [ 'Tengine' ],
632 verbose audit error     date: [ 'Tue, 15 Sep 2026 17:35:15 GMT' ],
632 verbose audit error     'content-type': [ 'application/json' ],
632 verbose audit error     'transfer-encoding': [ 'chunked' ],
632 verbose audit error     connection: [ 'keep-alive' ],
632 verbose audit error     'strict-transport-security': [ 'max-age=5184000' ],
632 verbose audit error     via: [ 'kunlun6.cn8033[,404666]' ],
632 verbose audit error     'timing-allow-origin': [ '*' ],
632 verbose audit error     eagleid: [ '3df10d0b17894937155873927e' ],
632 verbose audit error     'x-fetch-attempts': [ '1' ]
632 verbose audit error   },
632 verbose audit error   statusCode: 404,
632 verbose audit error   code: 'E404',
632 verbose audit error   method: 'POST',
632 verbose audit error   uri: 'https://registry.npmmirror.com/-/npm/v1/security/audits/quick',
632 verbose audit error   body: {
632 verbose audit error     error: '[NOT_IMPLEMENTED] /-/npm/v1/security/* not implemented yet'
632 verbose audit error   },
632 verbose audit error   pkgid: undefined
632 verbose audit error }
633 silly audit error [object Object]
634 silly audit report null
635 http fetch GET 200 https://cdn.npmmirror.com/packages/supports-preserve-symlinks-flag/1.0.0/supports-preserve-symlinks-flag-1.0.0.tgz 288ms (cache miss)
636 http fetch GET 200 https://cdn.npmmirror.com/packages/is-number/7.0.0/is-number-7.0.0.tgz 292ms (cache miss)
637 http fetch GET 200 https://cdn.npmmirror.com/packages/object-assign/4.1.1/object-assign-4.1.1.tgz 291ms (cache miss)
638 http fetch GET 200 https://cdn.npmmirror.com/packages/is-core-module/2.16.2/is-core-module-2.16.2.tgz 289ms (cache miss)
639 http fetch GET 200 https://cdn.npmmirror.com/packages/thenify-all/1.6.0/thenify-all-1.6.0.tgz 292ms (cache miss)
640 http fetch GET 200 https://cdn.npmmirror.com/packages/mz/2.7.0/mz-2.7.0.tgz 291ms (cache miss)
641 http fetch GET 200 https://cdn.npmmirror.com/packages/pirates/4.0.7/pirates-4.0.7.tgz 296ms (cache miss)
642 http fetch GET 200 https://cdn.npmmirror.com/packages/thenify/3.3.1/thenify-3.3.1.tgz 299ms (cache miss)
643 http fetch GET 200 https://cdn.npmmirror.com/packages/commander/4.1.1/commander-4.1.1.tgz 301ms (cache miss)
644 http fetch GET 200 https://cdn.npmmirror.com/packages/cssesc/3.0.0/cssesc-3.0.0.tgz 307ms (cache miss)
645 http fetch GET 200 https://cdn.npmmirror.com/packages/camelcase-css/2.0.1/camelcase-css-2.0.1.tgz 307ms (cache miss)
646 http fetch GET 200 https://cdn.npmmirror.com/packages/util-deprecate/1.0.2/util-deprecate-1.0.2.tgz 308ms (cache miss)
647 http fetch GET 200 https://cdn.npmmirror.com/packages/path-parse/1.0.7/path-parse-1.0.7.tgz 310ms (cache miss)
648 http fetch GET 200 https://cdn.npmmirror.com/packages/tinyglobby/0.2.17/tinyglobby-0.2.17.tgz 316ms (cache miss)
649 http fetch GET 200 https://cdn.npmmirror.com/packages/to-regex-range/5.0.1/to-regex-range-5.0.1.tgz 313ms (cache miss)
650 http fetch GET 200 https://cdn.npmmirror.com/packages/run-parallel/1.2.0/run-parallel-1.2.0.tgz 313ms (cache miss)
651 http fetch GET 200 https://cdn.npmmirror.com/packages/binary-extensions/2.3.0/binary-extensions-2.3.0.tgz 319ms (cache miss)
652 http fetch GET 200 https://cdn.npmmirror.com/packages/merge2/1.4.1/merge2-1.4.1.tgz 319ms (cache miss)
653 http fetch GET 200 https://cdn.npmmirror.com/packages/read-cache/1.0.2/read-cache-1.0.2.tgz 320ms (cache miss)
654 http fetch GET 200 https://cdn.npmmirror.com/packages/is-extglob/2.1.1/is-extglob-2.1.1.tgz 322ms (cache miss)
655 http fetch GET 200 https://cdn.npmmirror.com/packages/queue-microtask/1.2.3/queue-microtask-1.2.3.tgz 342ms (cache miss)
656 http fetch GET 200 https://cdn.npmmirror.com/packages/%40nodelib/fs.stat/2.0.5/fs.stat-2.0.5.tgz 344ms (cache miss)
657 http fetch GET 200 https://cdn.npmmirror.com/packages/readdirp/3.6.0/readdirp-3.6.0.tgz 349ms (cache miss)
658 http fetch GET 200 https://cdn.npmmirror.com/packages/ts-interface-checker/0.1.13/ts-interface-checker-0.1.13.tgz 360ms (cache miss)
659 http fetch GET 200 https://cdn.npmmirror.com/packages/is-binary-path/2.1.0/is-binary-path-2.1.0.tgz 355ms (cache miss)
660 http fetch GET 200 https://cdn.npmmirror.com/packages/postcss-nested/6.2.0/postcss-nested-6.2.0.tgz 369ms (cache miss)
661 http fetch GET 200 https://cdn.npmmirror.com/packages/fastq/1.20.3/fastq-1.20.3.tgz 376ms (cache miss)
662 http fetch GET 200 https://cdn.npmmirror.com/packages/reusify/1.1.0/reusify-1.1.0.tgz 378ms (cache miss)
663 http fetch GET 200 https://cdn.npmmirror.com/packages/anymatch/3.1.3/anymatch-3.1.3.tgz 380ms (cache miss)
664 http fetch GET 200 https://cdn.npmmirror.com/packages/object-hash/3.0.0/object-hash-3.0.0.tgz 378ms (cache miss)
665 http fetch GET 200 https://cdn.npmmirror.com/packages/picomatch/2.3.2/picomatch-2.3.2.tgz 385ms (cache miss)
666 http fetch GET 200 https://cdn.npmmirror.com/packages/lines-and-columns/1.2.4/lines-and-columns-1.2.4.tgz 385ms (cache miss)
667 http fetch GET 200 https://cdn.npmmirror.com/packages/micromatch/4.0.8/micromatch-4.0.8.tgz 400ms (cache miss)
668 http fetch GET 200 https://cdn.npmmirror.com/packages/postcss-load-config/6.0.1/postcss-load-config-6.0.1.tgz 410ms (cache miss)
669 http fetch GET 200 https://cdn.npmmirror.com/packages/fill-range/7.1.1/fill-range-7.1.1.tgz 413ms (cache miss)
670 http fetch GET 200 https://cdn.npmmirror.com/packages/is-glob/4.0.3/is-glob-4.0.3.tgz 386ms (cache miss)
671 http fetch GET 200 https://cdn.npmmirror.com/packages/lilconfig/3.1.3/lilconfig-3.1.3.tgz 415ms (cache miss)
672 http fetch GET 200 https://cdn.npmmirror.com/packages/normalize-path/3.0.0/normalize-path-3.0.0.tgz 420ms (cache miss)
673 http fetch GET 200 https://cdn.npmmirror.com/packages/didyoumean/1.2.2/didyoumean-1.2.2.tgz 392ms (cache miss)
674 http fetch GET 200 https://cdn.npmmirror.com/packages/dlv/1.1.3/dlv-1.1.3.tgz 395ms (cache miss)
675 http fetch GET 200 https://cdn.npmmirror.com/packages/braces/3.0.3/braces-3.0.3.tgz 430ms (cache miss)
676 http fetch GET 200 https://cdn.npmmirror.com/packages/glob-parent/6.0.2/glob-parent-6.0.2.tgz 400ms (cache miss)
677 http fetch GET 200 https://cdn.npmmirror.com/packages/node-releases/2.0.55/node-releases-2.0.55.tgz 421ms (cache miss)
678 http fetch GET 200 https://cdn.npmmirror.com/packages/postcss-value-parser/4.2.0/postcss-value-parser-4.2.0.tgz 425ms (cache miss)
679 http fetch GET 200 https://cdn.npmmirror.com/packages/chokidar/3.6.0/chokidar-3.6.0.tgz 426ms (cache miss)
680 http fetch GET 200 https://cdn.npmmirror.com/packages/update-browserslist-db/1.3.3/update-browserslist-db-1.3.3.tgz 427ms (cache miss)
681 http fetch GET 200 https://cdn.npmmirror.com/packages/postcss-import/15.1.0/postcss-import-15.1.0.tgz 462ms (cache miss)
682 http fetch GET 200 https://cdn.npmmirror.com/packages/glob-parent/5.1.2/glob-parent-5.1.2.tgz 437ms (cache miss)
683 http fetch GET 200 https://cdn.npmmirror.com/packages/postcss-js/4.1.0/postcss-js-4.1.0.tgz 472ms (cache miss)
684 http fetch GET 200 https://cdn.npmmirror.com/packages/fdir/6.5.0/fdir-6.5.0.tgz 442ms (cache miss)
685 http fetch GET 200 https://cdn.npmmirror.com/packages/arg/5.0.2/arg-5.0.2.tgz 448ms (cache miss)
686 http fetch GET 200 https://cdn.npmmirror.com/packages/electron-to-chromium/1.5.428/electron-to-chromium-1.5.428.tgz 456ms (cache miss)
687 http fetch GET 200 https://cdn.npmmirror.com/packages/%40alloc/quick-lru/5.3.0/quick-lru-5.3.0.tgz 460ms (cache miss)
688 http fetch GET 200 https://cdn.npmmirror.com/packages/picomatch/4.0.7/picomatch-4.0.7.tgz 457ms (cache miss)
689 http fetch GET 200 https://cdn.npmmirror.com/packages/glob-parent/5.1.2/glob-parent-5.1.2.tgz 458ms (cache miss)
690 http fetch GET 200 https://cdn.npmmirror.com/packages/baseline-browser-mapping/2.11.23/baseline-browser-mapping-2.11.23.tgz 463ms (cache miss)
691 http fetch GET 200 https://cdn.npmmirror.com/packages/any-promise/1.3.0/any-promise-1.3.0.tgz 518ms (cache miss)
692 http fetch GET 200 https://cdn.npmmirror.com/packages/fraction.js/5.3.4/fraction.js-5.3.4.tgz 483ms (cache miss)
693 http fetch GET 200 https://cdn.npmmirror.com/packages/%40nodelib/fs.scandir/2.1.5/fs.scandir-2.1.5.tgz 528ms (cache miss)
694 http fetch GET 200 https://cdn.npmmirror.com/packages/browserslist/4.29.0/browserslist-4.29.0.tgz 493ms (cache miss)
695 http fetch GET 200 https://cdn.npmmirror.com/packages/%40nodelib/fs.walk/1.2.8/fs.walk-1.2.8.tgz 547ms (cache miss)
696 http fetch GET 200 https://cdn.npmmirror.com/packages/postcss-selector-parser/6.1.4/postcss-selector-parser-6.1.4.tgz 591ms (cache miss)
697 http fetch GET 200 https://cdn.npmmirror.com/packages/jiti/1.21.7/jiti-1.21.7.tgz 597ms (cache miss)
698 http fetch GET 200 https://cdn.npmmirror.com/packages/postcss/8.5.28/postcss-8.5.28.tgz 576ms (cache miss)
699 http fetch GET 200 https://cdn.npmmirror.com/packages/%40rollup/rollup-linux-x64-musl/4.63.1/rollup-linux-x64-musl-4.63.1.tgz 580ms (cache miss)
700 http fetch GET 200 https://cdn.npmmirror.com/packages/fast-glob/3.3.3/fast-glob-3.3.3.tgz 605ms (cache miss)
701 http fetch GET 200 https://cdn.npmmirror.com/packages/autoprefixer/10.6.1/autoprefixer-10.6.1.tgz 630ms (cache miss)
702 http fetch GET 200 https://cdn.npmmirror.com/packages/resolve/1.22.12/resolve-1.22.12.tgz 697ms (cache miss)
703 http fetch GET 200 https://cdn.npmmirror.com/packages/sucrase/3.35.1/sucrase-3.35.1.tgz 804ms (cache miss)
704 http fetch GET 200 https://cdn.npmmirror.com/packages/tailwindcss/3.4.19/tailwindcss-3.4.19.tgz 800ms (cache miss)
705 silly ADD node_modules/is-number
706 silly ADD node_modules/thenify
707 silly ADD node_modules/thenify-all
708 silly ADD node_modules/object-assign
709 silly ADD node_modules/any-promise
710 silly ADD node_modules/ts-interface-checker
711 silly ADD node_modules/tinyglobby
712 silly ADD node_modules/tinyglobby/node_modules/picomatch
713 silly ADD node_modules/tinyglobby/node_modules/fdir
714 silly ADD node_modules/pirates
715 silly ADD node_modules/mz
716 silly ADD node_modules/lines-and-columns
717 silly ADD node_modules/commander
718 silly ADD node_modules/queue-microtask
719 silly ADD node_modules/supports-preserve-symlinks-flag
720 silly ADD node_modules/path-parse
721 silly ADD node_modules/is-core-module
722 silly ADD node_modules/util-deprecate
723 silly ADD node_modules/cssesc
724 silly ADD node_modules/camelcase-css
725 silly ADD node_modules/read-cache
726 silly ADD node_modules/is-extglob
727 silly ADD node_modules/binary-extensions
728 silly ADD node_modules/to-regex-range
729 silly ADD node_modules/reusify
730 silly ADD node_modules/run-parallel
731 silly ADD node_modules/fastq
732 silly ADD node_modules/@nodelib/fs.scandir
733 silly ADD node_modules/merge2
734 silly ADD node_modules/@nodelib/fs.walk
735 silly ADD node_modules/@nodelib/fs.stat
736 silly ADD node_modules/fill-range
737 silly ADD node_modules/picomatch
738 silly ADD node_modules/readdirp
739 silly ADD node_modules/is-binary-path
740 silly ADD node_modules/braces
741 silly ADD node_modules/anymatch
742 silly ADD node_modules/sucrase
743 silly ADD node_modules/resolve
744 silly ADD node_modules/postcss-selector-parser
745 silly ADD node_modules/postcss-nested
746 silly ADD node_modules/postcss-load-config
747 silly ADD node_modules/postcss-js
748 silly ADD node_modules/postcss-import
749 silly ADD node_modules/object-hash
750 silly ADD node_modules/normalize-path
751 silly ADD node_modules/micromatch
752 silly ADD node_modules/lilconfig
753 silly ADD node_modules/jiti
754 silly ADD node_modules/is-glob
755 silly ADD node_modules/glob-parent
756 silly ADD node_modules/fast-glob
757 silly ADD node_modules/fast-glob/node_modules/glob-parent
758 silly ADD node_modules/dlv
759 silly ADD node_modules/didyoumean
760 silly ADD node_modules/chokidar
761 silly ADD node_modules/chokidar/node_modules/glob-parent
762 silly ADD node_modules/arg
763 silly ADD node_modules/@alloc/quick-lru
764 silly ADD node_modules/postcss-value-parser
765 silly ADD node_modules/fraction.js
766 silly ADD node_modules/tailwindcss
767 silly ADD node_modules/autoprefixer
768 silly ADD
769 silly ADD
770 silly ADD
771 silly ADD
772 silly ADD
773 silly ADD
774 silly ADD
775 silly ADD node_modules/@rollup/rollup-linux-x64-musl
776 silly ADD
777 silly ADD
778 silly ADD
779 silly ADD
780 silly ADD
781 silly ADD
782 silly ADD
783 silly ADD
784 silly ADD
785 silly ADD
786 silly ADD
787 silly ADD
788 silly ADD
789 silly ADD
790 silly ADD
791 silly ADD
792 silly ADD
793 silly ADD
794 silly ADD
795 silly ADD
796 silly ADD
797 silly ADD
798 silly ADD
799 silly ADD
800 silly ADD
801 silly ADD
802 silly ADD
803 silly ADD
804 silly ADD
805 silly ADD
806 silly ADD
807 silly ADD
808 silly ADD
809 silly ADD
810 silly ADD
811 silly ADD
812 silly ADD
813 silly ADD
814 silly ADD
815 silly CHANGE node_modules/node-releases
816 silly CHANGE node_modules/update-browserslist-db
817 silly CHANGE node_modules/postcss
818 silly CHANGE node_modules/electron-to-chromium
819 silly CHANGE node_modules/baseline-browser-mapping
820 silly CHANGE node_modules/browserslist
821 verbose cwd /home/xiaohua/KPL_BP_Simulator/frontend
822 verbose os Linux 6.6.114.1-microsoft-standard-WSL2
823 verbose node v22.23.2
824 verbose npm  v10.9.8
825 notice
825 notice New major version of npm available! 10.9.8 -> 12.0.2
825 notice Changelog: https://github.com/npm/cli/releases/tag/v12.0.2
825 notice To update run: npm install -g npm@12.0.2
825 notice  { force: true, [Symbol(proc-log.meta)]: true }
826 verbose exit 0
827 info ok
